<html>
<body>
<pre>
<h1>µVision Build Log</h1>
<h2>Tool Versions:</h2>
IDE-Version: ¦ÌVision V5.41.0.0
Copyright (C) 2024 ARM Ltd and ARM Germany GmbH. All rights reserved.
License Information: QU xiaozhou, SZY, LIC=WHYH9-4UVXY-9UL4U-SDX01-JTC5S-3T3Y6
 
Tool Versions:
Toolchain:       MDK-ARM Plus  Version: 5.41.0.0
Toolchain Path:  C:\Keil_v5\ARM\ARMCC\Bin
C Compiler:      Armcc.exe V5.05 update 1 (build 106)
Assembler:       Armasm.exe V5.05 update 1 (build 106)
Linker/Locator:  ArmLink.exe V5.05 update 1 (build 106)
Library Manager: ArmAr.exe V5.05 update 1 (build 106)
Hex Converter:   FromElf.exe V5.05 update 1 (build 106)
CPU DLL:         SARMCM3.DLL V5.41.0.0
Dialog DLL:      DCM.DLL V1.17.5.0
Target DLL:      CMSIS_AGDI.dll V1.33.21.0
Dialog DLL:      TCM.DLL V1.56.4.0
 
<h2>Project:</h2>
E:\FOC_ST_NO\FOC_ST_V2_0611\MDK-ARM\FOC_ST_V2.uvprojx
Project File Date:  06/10/2026

<h2>Output:</h2>
*** Using Compiler 'V5.05 update 1 (build 106)', folder: 'C:\Keil_v5\ARM\ARMCC\Bin'
Build target 'FOC_ST_V2'
compiling InvProtect.c...
../Foc_Control/inc/Foc.h(84): warning:  #1-D: last line of file ends without a newline
  #endif
..\UserSoftware\src\InvProtect.c: 1 warning, 0 errors
compiling motorControl.c...
../Foc_Control/inc/Foc.h(84): warning:  #1-D: last line of file ends without a newline
  #endif
..\UserSoftware\src\motorControl.c(18): warning:  #177-D: function "VF_to_Sensorless_Sync" was declared but never referenced
  static void VF_to_Sensorless_Sync(void)
..\UserSoftware\src\motorControl.c: 2 warnings, 0 errors
compiling flux.c...
../Foc_Control/inc/Foc.h(84): warning:  #1-D: last line of file ends without a newline
  #endif
..\Flux\src\flux.c: 1 warning, 0 errors
compiling taskManager.c...
../Foc_Control/inc/Foc.h(84): warning:  #1-D: last line of file ends without a newline
  #endif
..\taskManager\taskManager.c: 1 warning, 0 errors
linking...
Program Size: Code=42428 RO-data=19324 RW-data=476 ZI-data=9588  
FromELF: creating hex file...
"FOC_ST_V2\FOC_ST_V2.axf" - 0 Error(s), 5 Warning(s).

<h2>Software Packages used:</h2>

Package Vendor: ARM
                https://www.keil.com/pack/ARM.CMSIS.6.1.0.pack
                ARM::CMSIS@6.1.0
                CMSIS (Common Microcontroller Software Interface Standard)
   * Component: CORE Version: 6.1.0

Package Vendor: Keil
                http://www.keil.com/pack/Keil.STM32G4xx_DFP.1.4.0.pack
                Keil::STM32G4xx_DFP@1.4.0
                STMicroelectronics STM32G4 Series Device Support, Drivers and Examples

<h2>Collection of Component include folders:</h2>
  ./RTE/_FOC_ST_V2
  C:/Keil_v5/ARM/Pack/ARM/CMSIS/6.1.0/CMSIS/Core/Include
  C:/Keil_v5/ARM/Pack/Keil/STM32G4xx_DFP/1.4.0/Drivers/CMSIS/Device/ST/STM32G4xx/Include

<h2>Collection of Component Files used:</h2>

   * Component: ARM::CMSIS:CORE@6.1.0
      Include file:  CMSIS/Core/Include/tz_context.h
Build Time Elapsed:  00:00:07
</pre>
</body>
</html>
