Component: ARM Compiler 5.05 update 1 (build 106) Tool: armlink [4d0efa]

==============================================================================

Section Cross References

    startup_stm32g474xx.o(RESET) refers to startup_stm32g474xx.o(STACK) for __initial_sp
    startup_stm32g474xx.o(RESET) refers to startup_stm32g474xx.o(.text) for Reset_Handler
    startup_stm32g474xx.o(RESET) refers to stm32g4xx_it.o(i.NMI_Handler) for NMI_Handler
    startup_stm32g474xx.o(RESET) refers to stm32g4xx_it.o(i.HardFault_Handler) for HardFault_Handler
    startup_stm32g474xx.o(RESET) refers to stm32g4xx_it.o(i.MemManage_Handler) for MemManage_Handler
    startup_stm32g474xx.o(RESET) refers to stm32g4xx_it.o(i.BusFault_Handler) for BusFault_Handler
    startup_stm32g474xx.o(RESET) refers to stm32g4xx_it.o(i.UsageFault_Handler) for UsageFault_Handler
    startup_stm32g474xx.o(RESET) refers to stm32g4xx_it.o(i.SVC_Handler) for SVC_Handler
    startup_stm32g474xx.o(RESET) refers to stm32g4xx_it.o(i.DebugMon_Handler) for DebugMon_Handler
    startup_stm32g474xx.o(RESET) refers to stm32g4xx_it.o(i.PendSV_Handler) for PendSV_Handler
    startup_stm32g474xx.o(RESET) refers to stm32g4xx_it.o(i.SysTick_Handler) for SysTick_Handler
    startup_stm32g474xx.o(RESET) refers to stm32g4xx_it.o(i.DMA1_Channel1_IRQHandler) for DMA1_Channel1_IRQHandler
    startup_stm32g474xx.o(RESET) refers to stm32g4xx_it.o(i.DMA1_Channel2_IRQHandler) for DMA1_Channel2_IRQHandler
    startup_stm32g474xx.o(RESET) refers to stm32g4xx_it.o(i.DMA1_Channel3_IRQHandler) for DMA1_Channel3_IRQHandler
    startup_stm32g474xx.o(RESET) refers to stm32g4xx_it.o(i.DMA1_Channel4_IRQHandler) for DMA1_Channel4_IRQHandler
    startup_stm32g474xx.o(RESET) refers to stm32g4xx_it.o(i.ADC1_2_IRQHandler) for ADC1_2_IRQHandler
    startup_stm32g474xx.o(RESET) refers to stm32g4xx_it.o(i.USB_LP_IRQHandler) for USB_LP_IRQHandler
    startup_stm32g474xx.o(RESET) refers to stm32g4xx_it.o(i.FDCAN1_IT0_IRQHandler) for FDCAN1_IT0_IRQHandler
    startup_stm32g474xx.o(RESET) refers to stm32g4xx_it.o(i.FDCAN1_IT1_IRQHandler) for FDCAN1_IT1_IRQHandler
    startup_stm32g474xx.o(RESET) refers to stm32g4xx_it.o(i.TIM1_UP_TIM16_IRQHandler) for TIM1_UP_TIM16_IRQHandler
    startup_stm32g474xx.o(RESET) refers to stm32g4xx_it.o(i.TIM3_IRQHandler) for TIM3_IRQHandler
    startup_stm32g474xx.o(RESET) refers to stm32g4xx_it.o(i.USART3_IRQHandler) for USART3_IRQHandler
    startup_stm32g474xx.o(.text) refers to system_stm32g4xx.o(i.SystemInit) for SystemInit
    startup_stm32g474xx.o(.text) refers to entry.o(.ARM.Collect$$$$00000000) for __main
    main.o(i.SystemClock_Config) refers to memseta.o(.text) for __aeabi_memclr4
    main.o(i.SystemClock_Config) refers to stm32g4xx_hal_pwr_ex.o(i.HAL_PWREx_ControlVoltageScaling) for HAL_PWREx_ControlVoltageScaling
    main.o(i.SystemClock_Config) refers to stm32g4xx_hal_rcc.o(i.HAL_RCC_OscConfig) for HAL_RCC_OscConfig
    main.o(i.SystemClock_Config) refers to stm32g4xx_hal_rcc.o(i.HAL_RCC_ClockConfig) for HAL_RCC_ClockConfig
    main.o(i.main) refers to stm32g4xx_hal.o(i.HAL_Init) for HAL_Init
    main.o(i.main) refers to main.o(i.SystemClock_Config) for SystemClock_Config
    main.o(i.main) refers to gpio.o(i.MX_GPIO_Init) for MX_GPIO_Init
    main.o(i.main) refers to dma.o(i.MX_DMA_Init) for MX_DMA_Init
    main.o(i.main) refers to fdcan.o(i.MX_FDCAN1_Init) for MX_FDCAN1_Init
    main.o(i.main) refers to adc.o(i.MX_ADC1_Init) for MX_ADC1_Init
    main.o(i.main) refers to adc.o(i.MX_ADC2_Init) for MX_ADC2_Init
    main.o(i.main) refers to tim.o(i.MX_TIM1_Init) for MX_TIM1_Init
    main.o(i.main) refers to spi.o(i.MX_SPI3_Init) for MX_SPI3_Init
    main.o(i.main) refers to tim.o(i.MX_TIM3_Init) for MX_TIM3_Init
    main.o(i.main) refers to usart.o(i.MX_USART3_UART_Init) for MX_USART3_UART_Init
    main.o(i.main) refers to usb_device.o(i.MX_USB_Device_Init) for MX_USB_Device_Init
    main.o(i.main) refers to lcd.o(i.LCD_Init) for LCD_Init
    main.o(i.main) refers to key_driver.o(i.key_driver_init) for key_driver_init
    main.o(i.main) refers to taskmanager.o(i.Task_Manage_List_Init) for Task_Manage_List_Init
    main.o(i.main) refers to stm32g4xx_hal_tim.o(i.HAL_TIM_Base_Start_IT) for HAL_TIM_Base_Start_IT
    main.o(i.main) refers to stm32g4xx_hal_adc_ex.o(i.HAL_ADCEx_Calibration_Start) for HAL_ADCEx_Calibration_Start
    main.o(i.main) refers to stm32g4xx_hal_adc_ex.o(i.HAL_ADCEx_InjectedStart_IT) for HAL_ADCEx_InjectedStart_IT
    main.o(i.main) refers to stm32g4xx_hal_adc_ex.o(i.HAL_ADCEx_InjectedStart) for HAL_ADCEx_InjectedStart
    main.o(i.main) refers to stm32g4xx_hal_adc.o(i.HAL_ADC_Start_DMA) for HAL_ADC_Start_DMA
    main.o(i.main) refers to drvpwmout.o(i.Foc_Pwm_Start) for Foc_Pwm_Start
    main.o(i.main) refers to motorcontrol.o(i.PMSM_init) for PMSM_init
    main.o(i.main) refers to flux.o(i.Flux_Observer_Init) for Flux_Observer_Init
    main.o(i.main) refers to pi_cale.o(i.PI_Init) for PI_Init
[...]
    HAL_ADCEx_Calibration_Start              0x0800107d   Thumb Code   138  stm32g4xx_hal_adc_ex.o(i.HAL_ADCEx_Calibration_Start)
    HAL_ADCEx_EndOfSamplingCallback          0x08001111   Thumb Code     2  stm32g4xx_hal_adc_ex.o(i.HAL_ADCEx_EndOfSamplingCallback)
    HAL_ADCEx_InjectedConfigChannel          0x08001115   Thumb Code  1320  stm32g4xx_hal_adc_ex.o(i.HAL_ADCEx_InjectedConfigChannel)
    HAL_ADCEx_InjectedQueueOverflowCallback  0x08001671   Thumb Code     2  stm32g4xx_hal_adc_ex.o(i.HAL_ADCEx_InjectedQueueOverflowCallback)
    HAL_ADCEx_InjectedStart                  0x08001675   Thumb Code   262  stm32g4xx_hal_adc_ex.o(i.HAL_ADCEx_InjectedStart)
    HAL_ADCEx_InjectedStart_IT               0x08001795   Thumb Code   320  stm32g4xx_hal_adc_ex.o(i.HAL_ADCEx_InjectedStart_IT)
    HAL_ADCEx_LevelOutOfWindow2Callback      0x080018ed   Thumb Code     2  stm32g4xx_hal_adc_ex.o(i.HAL_ADCEx_LevelOutOfWindow2Callback)
    HAL_ADCEx_LevelOutOfWindow3Callback      0x080018ef   Thumb Code     2  stm32g4xx_hal_adc_ex.o(i.HAL_ADCEx_LevelOutOfWindow3Callback)
    HAL_ADCEx_MultiModeConfigChannel         0x080018f1   Thumb Code   322  stm32g4xx_hal_adc_ex.o(i.HAL_ADCEx_MultiModeConfigChannel)
    HAL_ADC_ConfigChannel                    0x08001a4d   Thumb Code  1060  stm32g4xx_hal_adc.o(i.HAL_ADC_ConfigChannel)
    HAL_ADC_ConvCpltCallback                 0x08001eb1   Thumb Code     2  stm32g4xx_hal_adc.o(i.HAL_ADC_ConvCpltCallback)
    HAL_ADC_ConvHalfCpltCallback             0x08001eb3   Thumb Code     2  stm32g4xx_hal_adc.o(i.HAL_ADC_ConvHalfCpltCallback)
    HAL_ADC_ErrorCallback                    0x08001eb5   Thumb Code     2  stm32g4xx_hal_adc.o(i.HAL_ADC_ErrorCallback)
    HAL_ADC_IRQHandler                       0x08001eb9   Thumb Code   674  stm32g4xx_hal_adc.o(i.HAL_ADC_IRQHandler)
    HAL_ADC_Init                             0x08002171   Thumb Code   514  stm32g4xx_hal_adc.o(i.HAL_ADC_Init)
    HAL_ADC_LevelOutOfWindowCallback         0x080023a5   Thumb Code     2  stm32g4xx_hal_adc.o(i.HAL_ADC_LevelOutOfWindowCallback)
    HAL_ADC_MspInit                          0x080023a9   Thumb Code   378  adc.o(i.HAL_ADC_MspInit)
    HAL_ADC_Start_DMA                        0x08002541   Thumb Code   260  stm32g4xx_hal_adc.o(i.HAL_ADC_Start_DMA)
    HAL_DMA_Abort                            0x0800266d   Thumb Code   112  stm32g4xx_hal_dma.o(i.HAL_DMA_Abort)
    HAL_DMA_Abort_IT                         0x080026dd   Thumb Code   120  stm32g4xx_hal_dma.o(i.HAL_DMA_Abort_IT)
    HAL_DMA_IRQHandler                       0x08002755   Thumb Code   186  stm32g4xx_hal_dma.o(i.HAL_DMA_IRQHandler)
    HAL_DMA_Init                             0x08002811   Thumb Code   182  stm32g4xx_hal_dma.o(i.HAL_DMA_Init)
    HAL_DMA_Start_IT                         0x080028d5   Thumb Code   140  stm32g4xx_hal_dma.o(i.HAL_DMA_Start_IT)
    HAL_Delay                                0x08002961   Thumb Code    32  stm32g4xx_hal.o(i.HAL_Delay)
    HAL_FDCAN_ErrorCallback                  0x08002985   Thumb Code     2  stm32g4xx_hal_fdcan.o(i.HAL_FDCAN_ErrorCallback)
    HAL_FDCAN_ErrorStatusCallback            0x08002987   Thumb Code     2  stm32g4xx_hal_fdcan.o(i.HAL_FDCAN_ErrorStatusCallback)
    HAL_FDCAN_HighPriorityMessageCallback    0x08002989   Thumb Code     2  stm32g4xx_hal_fdcan.o(i.HAL_FDCAN_HighPriorityMessageCallback)
    HAL_FDCAN_IRQHandler                     0x0800298b   Thumb Code   356  stm32g4xx_hal_fdcan.o(i.HAL_FDCAN_IRQHandler)
    HAL_FDCAN_Init                           0x08002af1   Thumb Code   512  stm32g4xx_hal_fdcan.o(i.HAL_FDCAN_Init)
    HAL_FDCAN_MspInit                        0x08002d09   Thumb Code   148  fdcan.o(i.HAL_FDCAN_MspInit)
    HAL_FDCAN_RxFifo0Callback                0x08002da9   Thumb Code     2  stm32g4xx_hal_fdcan.o(i.HAL_FDCAN_RxFifo0Callback)
    HAL_FDCAN_RxFifo1Callback                0x08002dab   Thumb Code     2  stm32g4xx_hal_fdcan.o(i.HAL_FDCAN_RxFifo1Callback)
    HAL_FDCAN_TimeoutOccurredCallback        0x08002dad   Thumb Code     2  stm32g4xx_hal_fdcan.o(i.HAL_FDCAN_TimeoutOccurredCallback)
    HAL_FDCAN_TimestampWraparoundCallback    0x08002daf   Thumb Code     2  stm32g4xx_hal_fdcan.o(i.HAL_FDCAN_TimestampWraparoundCallback)
    HAL_FDCAN_TxBufferAbortCallback          0x08002db1   Thumb Code     2  stm32g4xx_hal_fdcan.o(i.HAL_FDCAN_TxBufferAbortCallback)
    HAL_FDCAN_TxBufferCompleteCallback       0x08002db3   Thumb Code     2  stm32g4xx_hal_fdcan.o(i.HAL_FDCAN_TxBufferCompleteCallback)
    HAL_FDCAN_TxEventFifoCallback            0x08002db5   Thumb Code     2  stm32g4xx_hal_fdcan.o(i.HAL_FDCAN_TxEventFifoCallback)
    HAL_FDCAN_TxFifoEmptyCallback            0x08002db7   Thumb Code     2  stm32g4xx_hal_fdcan.o(i.HAL_FDCAN_TxFifoEmptyCallback)
    HAL_GPIO_Init                            0x08002db9   Thumb Code   532  stm32g4xx_hal_gpio.o(i.HAL_GPIO_Init)
    HAL_GPIO_ReadPin                         0x08002fed   Thumb Code    10  stm32g4xx_hal_gpio.o(i.HAL_GPIO_ReadPin)
    HAL_GPIO_TogglePin                       0x08002ff7   Thumb Code    16  stm32g4xx_hal_gpio.o(i.HAL_GPIO_TogglePin)
    HAL_GPIO_WritePin                        0x08003007   Thumb Code    10  stm32g4xx_hal_gpio.o(i.HAL_GPIO_WritePin)
    HAL_GetTick                              0x08003011   Thumb Code     6  stm32g4xx_hal.o(i.HAL_GetTick)
    HAL_IncTick                              0x0800301d   Thumb Code    12  stm32g4xx_hal.o(i.HAL_IncTick)
    HAL_Init                                 0x0800302d   Thumb Code    30  stm32g4xx_hal.o(i.HAL_Init)
    HAL_InitTick                             0x0800304d   Thumb Code    58  stm32g4xx_hal.o(i.HAL_InitTick)
    HAL_MspInit                              0x08003091   Thumb Code    42  stm32g4xx_hal_msp.o(i.HAL_MspInit)
    HAL_NVIC_EnableIRQ                       0x080030c1   Thumb Code    26  stm32g4xx_hal_cortex.o(i.HAL_NVIC_EnableIRQ)
    HAL_NVIC_SetPriority                     0x080030dd   Thumb Code    60  stm32g4xx_hal_cortex.o(i.HAL_NVIC_SetPriority)
    HAL_NVIC_SetPriorityGrouping             0x0800311d   Thumb Code    26  stm32g4xx_hal_cortex.o(i.HAL_NVIC_SetPriorityGrouping)
    HAL_PCDEx_ActivateLPM                    0x08003141   Thumb Code    36  stm32g4xx_hal_pcd_ex.o(i.HAL_PCDEx_ActivateLPM)
    HAL_PCDEx_LPM_Callback                   0x08003165   Thumb Code    64  usbd_conf.o(i.HAL_PCDEx_LPM_Callback)
    HAL_PCDEx_PMAConfig                      0x080031a9   Thumb Code    60  stm32g4xx_hal_pcd_ex.o(i.HAL_PCDEx_PMAConfig)
    HAL_PCD_DataInStageCallback              0x080031e5   Thumb Code    18  usbd_conf.o(i.HAL_PCD_DataInStageCallback)
    HAL_PCD_DataOutStageCallback             0x080031f7   Thumb Code    20  usbd_conf.o(i.HAL_PCD_DataOutStageCallback)
    HAL_PCD_EP_Close                         0x0800320b   Thumb Code    74  stm32g4xx_hal_pcd.o(i.HAL_PCD_EP_Close)
    HAL_PCD_EP_ClrStall                      0x08003255   Thumb Code    90  stm32g4xx_hal_pcd.o(i.HAL_PCD_EP_ClrStall)
    HAL_PCD_EP_GetRxCount                    0x0800370b   Thumb Code    18  stm32g4xx_hal_pcd.o(i.HAL_PCD_EP_GetRxCount)
    HAL_PCD_EP_Open                          0x0800371d   Thumb Code    92  stm32g4xx_hal_pcd.o(i.HAL_PCD_EP_Open)
    HAL_PCD_EP_Receive                       0x08003779   Thumb Code    46  stm32g4xx_hal_pcd.o(i.HAL_PCD_EP_Receive)
    HAL_PCD_EP_SetStall                      0x080037a7   Thumb Code    94  stm32g4xx_hal_pcd.o(i.HAL_PCD_EP_SetStall)
    HAL_PCD_EP_Transmit                      0x08003805   Thumb Code    46  stm32g4xx_hal_pcd.o(i.HAL_PCD_EP_Transmit)
    HAL_PCD_IRQHandler                       0x08003833   Thumb Code   330  stm32g4xx_hal_pcd.o(i.HAL_PCD_IRQHandler)
    HAL_PCD_Init                             0x0800397d   Thumb Code   156  stm32g4xx_hal_pcd.o(i.HAL_PCD_Init)
    HAL_PCD_MspInit                          0x08003a19   Thumb Code    80  usbd_conf.o(i.HAL_PCD_MspInit)
    HAL_PCD_ResetCallback                    0x08003a71   Thumb Code    38  usbd_conf.o(i.HAL_PCD_ResetCallback)
    HAL_PCD_ResumeCallback                   0x08003a99   Thumb Code    34  usbd_conf.o(i.HAL_PCD_ResumeCallback)
    HAL_PCD_SOFCallback                      0x08003ac1   Thumb Code     8  usbd_conf.o(i.HAL_PCD_SOFCallback)
    HAL_PCD_SetAddress                       0x08003ac9   Thumb Code    38  stm32g4xx_hal_pcd.o(i.HAL_PCD_SetAddress)
    HAL_PCD_SetupStageCallback               0x08003aef   Thumb Code    14  usbd_conf.o(i.HAL_PCD_SetupStageCallback)
    HAL_PCD_Start                            0x08003afd   Thumb Code    42  stm32g4xx_hal_pcd.o(i.HAL_PCD_Start)
    HAL_PCD_SuspendCallback                  0x08003b29   Thumb Code    30  usbd_conf.o(i.HAL_PCD_SuspendCallback)
    HAL_PWREx_ControlVoltageScaling          0x08003b4d   Thumb Code   174  stm32g4xx_hal_pwr_ex.o(i.HAL_PWREx_ControlVoltageScaling)
    HAL_PWREx_DisableUCPDDeadBattery         0x08003c09   Thumb Code    12  stm32g4xx_hal_pwr_ex.o(i.HAL_PWREx_DisableUCPDDeadBattery)
    HAL_RCCEx_PeriphCLKConfig                0x08003c19   Thumb Code   758  stm32g4xx_hal_rcc_ex.o(i.HAL_RCCEx_PeriphCLKConfig)
    HAL_RCC_ClockConfig                      0x08003f19   Thumb Code   444  stm32g4xx_hal_rcc.o(i.HAL_RCC_ClockConfig)
    HAL_RCC_GetPCLK1Freq                     0x080040f5   Thumb Code    24  stm32g4xx_hal_rcc.o(i.HAL_RCC_GetPCLK1Freq)
    HAL_RCC_GetPCLK2Freq                     0x08004119   Thumb Code    24  stm32g4xx_hal_rcc.o(i.HAL_RCC_GetPCLK2Freq)
    HAL_RCC_GetSysClockFreq                  0x0800413d   Thumb Code    98  stm32g4xx_hal_rcc.o(i.HAL_RCC_GetSysClockFreq)
    HAL_RCC_OscConfig                        0x080041a9   Thumb Code  1028  stm32g4xx_hal_rcc.o(i.HAL_RCC_OscConfig)
    HAL_SPI_Init                             0x080045ad   Thumb Code   234  stm32g4xx_hal_spi.o(i.HAL_SPI_Init)
    HAL_SPI_MspInit                          0x08004699   Thumb Code    88  spi.o(i.HAL_SPI_MspInit)
    HAL_SPI_Transmit                         0x080046fd   Thumb Code   398  stm32g4xx_hal_spi.o(i.HAL_SPI_Transmit)
    HAL_SYSTICK_Config                       0x0800488b   Thumb Code    40  stm32g4xx_hal_cortex.o(i.HAL_SYSTICK_Config)
    HAL_TIMEx_Break2Callback                 0x080048b3   Thumb Code     2  stm32g4xx_hal_tim_ex.o(i.HAL_TIMEx_Break2Callback)
    HAL_TIMEx_BreakCallback                  0x080048b5   Thumb Code     2  stm32g4xx_hal_tim_ex.o(i.HAL_TIMEx_BreakCallback)
    HAL_TIMEx_CommutCallback                 0x080048b7   Thumb Code     2  stm32g4xx_hal_tim_ex.o(i.HAL_TIMEx_CommutCallback)
    HAL_TIMEx_ConfigBreakDeadTime            0x080048b9   Thumb Code   154  stm32g4xx_hal_tim_ex.o(i.HAL_TIMEx_ConfigBreakDeadTime)
    HAL_TIMEx_DirectionChangeCallback        0x08004961   Thumb Code     2  stm32g4xx_hal_tim_ex.o(i.HAL_TIMEx_DirectionChangeCallback)
    HAL_TIMEx_EncoderIndexCallback           0x08004963   Thumb Code     2  stm32g4xx_hal_tim_ex.o(i.HAL_TIMEx_EncoderIndexCallback)
    HAL_TIMEx_IndexErrorCallback             0x08004965   Thumb Code     2  stm32g4xx_hal_tim_ex.o(i.HAL_TIMEx_IndexErrorCallback)
    HAL_TIMEx_MasterConfigSynchronization    0x08004969   Thumb Code   150  stm32g4xx_hal_tim_ex.o(i.HAL_TIMEx_MasterConfigSynchronization)
    HAL_TIMEx_PWMN_Start                     0x08004a21   Thumb Code   170  stm32g4xx_hal_tim_ex.o(i.HAL_TIMEx_PWMN_Start)
    HAL_TIMEx_PWMN_Stop                      0x08004aed   Thumb Code   102  stm32g4xx_hal_tim_ex.o(i.HAL_TIMEx_PWMN_Stop)
    HAL_TIMEx_TransitionErrorCallback        0x08004b59   Thumb Code     2  stm32g4xx_hal_tim_ex.o(i.HAL_TIMEx_TransitionErrorCallback)
    HAL_TIM_Base_Init                        0x08004b5b   Thumb Code    98  stm32g4xx_hal_tim.o(i.HAL_TIM_Base_Init)
    HAL_TIM_Base_MspInit                     0x08004bbd   Thumb Code    86  tim.o(i.HAL_TIM_Base_MspInit)
    HAL_TIM_Base_Start_IT                    0x08004c21   Thumb Code   106  stm32g4xx_hal_tim.o(i.HAL_TIM_Base_Start_IT)
    HAL_TIM_ConfigClockSource                0x08004cad   Thumb Code   234  stm32g4xx_hal_tim.o(i.HAL_TIM_ConfigClockSource)
    HAL_TIM_IC_CaptureCallback               0x08004d9d   Thumb Code     2  stm32g4xx_hal_tim.o(i.HAL_TIM_IC_CaptureCallback)
    HAL_TIM_IRQHandler                       0x08004d9f   Thumb Code   418  stm32g4xx_hal_tim.o(i.HAL_TIM_IRQHandler)
    HAL_TIM_MspPostInit                      0x08004f41   Thumb Code   136  tim.o(i.HAL_TIM_MspPostInit)
    HAL_TIM_OC_DelayElapsedCallback          0x08004fd5   Thumb Code     2  stm32g4xx_hal_tim.o(i.HAL_TIM_OC_DelayElapsedCallback)
    HAL_TIM_PWM_ConfigChannel                0x08004fd7   Thumb Code   292  stm32g4xx_hal_tim.o(i.HAL_TIM_PWM_ConfigChannel)
    HAL_TIM_PWM_Init                         0x080050fb   Thumb Code    98  stm32g4xx_hal_tim.o(i.HAL_TIM_PWM_Init)
    HAL_TIM_PWM_MspInit                      0x0800515d   Thumb Code     2  stm32g4xx_hal_tim.o(i.HAL_TIM_PWM_MspInit)
    HAL_TIM_PWM_PulseFinishedCallback        0x0800515f   Thumb Code     2  stm32g4xx_hal_tim.o(i.HAL_TIM_PWM_PulseFinishedCallback)
    HAL_TIM_PWM_Start                        0x08005161   Thumb Code   234  stm32g4xx_hal_tim.o(i.HAL_TIM_PWM_Start)
    HAL_TIM_PWM_Stop                         0x08005275   Thumb Code   156  stm32g4xx_hal_tim.o(i.HAL_TIM_PWM_Stop)
    HAL_TIM_PeriodElapsedCallback            0x0800532d   Thumb Code     2  stm32g4xx_hal_tim.o(i.HAL_TIM_PeriodElapsedCallback)
    HAL_TIM_TriggerCallback                  0x0800532f   Thumb Code     2  stm32g4xx_hal_tim.o(i.HAL_TIM_TriggerCallback)
    HAL_UARTEx_DisableFifoMode               0x08005331   Thumb Code    62  stm32g4xx_hal_uart_ex.o(i.HAL_UARTEx_DisableFifoMode)
    HAL_UARTEx_RxEventCallback               0x0800536f   Thumb Code     2  stm32g4xx_hal_uart.o(i.HAL_UARTEx_RxEventCallback)
    HAL_UARTEx_RxFifoFullCallback            0x08005371   Thumb Code     2  stm32g4xx_hal_uart_ex.o(i.HAL_UARTEx_RxFifoFullCallback)
    HAL_UARTEx_SetRxFifoThreshold            0x08005373   Thumb Code    76  stm32g4xx_hal_uart_ex.o(i.HAL_UARTEx_SetRxFifoThreshold)
    HAL_UARTEx_SetTxFifoThreshold            0x080053bf   Thumb Code    76  stm32g4xx_hal_uart_ex.o(i.HAL_UARTEx_SetTxFifoThreshold)
    HAL_UARTEx_TxFifoEmptyCallback           0x0800540b   Thumb Code     2  stm32g4xx_hal_uart_ex.o(i.HAL_UARTEx_TxFifoEmptyCallback)
    HAL_UARTEx_WakeupCallback                0x0800540d   Thumb Code     2  stm32g4xx_hal_uart_ex.o(i.HAL_UARTEx_WakeupCallback)
    HAL_UART_ErrorCallback                   0x0800540f   Thumb Code     2  stm32g4xx_hal_uart.o(i.HAL_UART_ErrorCallback)
    HAL_UART_IRQHandler                      0x08005411   Thumb Code   782  stm32g4xx_hal_uart.o(i.HAL_UART_IRQHandler)
    HAL_UART_Init                            0x0800572d   Thumb Code   106  stm32g4xx_hal_uart.o(i.HAL_UART_Init)
    HAL_UART_MspInit                         0x08005799   Thumb Code   222  usart.o(i.HAL_UART_MspInit)
    HAL_UART_TxCpltCallback                  0x0800588d   Thumb Code     2  stm32g4xx_hal_uart.o(i.HAL_UART_TxCpltCallback)
    HFPeriod_RUN                             0x08005891   Thumb Code   124  taskmanager.o(i.HFPeriod_RUN)
    HardFault_Handler                        0x08005925   Thumb Code     2  stm32g4xx_it.o(i.HardFault_Handler)
    IPARK_Cale                               0x08005927   Thumb Code    42  foc.o(i.IPARK_Cale)
    Idq_FOC                                  0x08005951   Thumb Code   186  foc.o(i.Idq_FOC)
    InvProtect_Check                         0x08005a65   Thumb Code    26  invprotect.o(i.InvProtect_Check)
    InvProtect_Clear                         0x08005a89   Thumb Code    14  invprotect.o(i.InvProtect_Clear)
    KEY_RUN                                  0x08005aa1   Thumb Code   294  taskmanager.o(i.KEY_RUN)
    LCD_Address_Set                          0x08005be9   Thumb Code    66  lcd.o(i.LCD_Address_Set)
    LCD_DrawLine                             0x08005c2b   Thumb Code   156  lcd.o(i.LCD_DrawLine)
    LCD_DrawPoint                            0x08005cc7   Thumb Code    22  lcd.o(i.LCD_DrawPoint)
    LCD_Fill                                 0x08005cdd   Thumb Code    62  lcd.o(i.LCD_Fill)
    LCD_Init                                 0x08005d1d   Thumb Code  1116  lcd.o(i.LCD_Init)
    LCD_ShowChar                             0x08006179   Thumb Code   252  lcd.o(i.LCD_ShowChar)
    LCD_ShowFloatNum1                        0x08006285   Thumb Code   348  lcd.o(i.LCD_ShowFloatNum1)
    LCD_ShowString                           0x080063e1   Thumb Code    58  lcd.o(i.LCD_ShowString)
    LCD_WR_DATA                              0x0800641b   Thumb Code    20  lcd.o(i.LCD_WR_DATA)
    LCD_WR_REG                               0x08006431   Thumb Code    40  lcd.o(i.LCD_WR_REG)
    LCD_Writ_Bus                             0x0800645d   Thumb Code    40  lcd.o(i.LCD_Writ_Bus)
    Limit_Sat                                0x08006531   Thumb Code    32  common_math.o(i.Limit_Sat)
    MX_ADC1_Init                             0x08006551   Thumb Code   276  adc.o(i.MX_ADC1_Init)
    MX_ADC2_Init                             0x0800667d   Thumb Code   244  adc.o(i.MX_ADC2_Init)
    MX_DMA_Init                              0x0800678d   Thumb Code   104  dma.o(i.MX_DMA_Init)
    MX_FDCAN1_Init                           0x080067f9   Thumb Code    66  fdcan.o(i.MX_FDCAN1_Init)
    MX_GPIO_Init                             0x08006845   Thumb Code   252  gpio.o(i.MX_GPIO_Init)
    MX_SPI3_Init                             0x08006951   Thumb Code    72  spi.o(i.MX_SPI3_Init)
    MX_TIM1_Init                             0x080069a1   Thumb Code   260  tim.o(i.MX_TIM1_Init)
    MX_TIM3_Init                             0x08006aad   Thumb Code    96  tim.o(i.MX_TIM3_Init)
    MX_USART3_UART_Init                      0x08006b15   Thumb Code    94  usart.o(i.MX_USART3_UART_Init)
    MX_USB_Device_Init                       0x08006b7d   Thumb Code    66  usb_device.o(i.MX_USB_Device_Init)
    MemManage_Handler                        0x08006bd1   Thumb Code     2  stm32g4xx_it.o(i.MemManage_Handler)
    NMI_Handler                              0x08006bd3   Thumb Code     2  stm32g4xx_it.o(i.NMI_Handler)
    Observer_Run                             0x08006bd5   Thumb Code   582  flux.o(i.Observer_Run)
    PARK_Cale                                0x08006e4d   Thumb Code    42  foc.o(i.PARK_Cale)
    PID_controller                           0x0800720b   Thumb Code   110  pi_cale.o(i.PID_controller)
    PI_Init                                  0x08007279   Thumb Code    76  pi_cale.o(i.PI_Init)
    PMSM_init                                0x080072d5   Thumb Code     4  motorcontrol.o(i.PMSM_init)
    PWM_SetDuty                              0x080072d9   Thumb Code    42  motorcontrol.o(i.PWM_SetDuty)
    PWM_Update_From_SVPWM                    0x08007309   Thumb Code    12  motorcontrol.o(i.PWM_Update_From_SVPWM)
    PendSV_Handler                           0x08007319   Thumb Code     2  stm32g4xx_it.o(i.PendSV_Handler)
    SVC_Handler                              0x08007501   Thumb Code     2  stm32g4xx_it.o(i.SVC_Handler)
    SinCos_Table                             0x0800750d   Thumb Code   160  common_math.o(i.SinCos_Table)
    Speed_FOC                                0x080075b1   Thumb Code    96  foc.o(i.Speed_FOC)
    SysTick_Handler                          0x08007625   Thumb Code     4  stm32g4xx_it.o(i.SysTick_Handler)
    SystemClock_Config                       0x08007629   Thumb Code   108  main.o(i.SystemClock_Config)
    SystemInit                               0x08007695   Thumb Code    12  system_stm32g4xx.o(i.SystemInit)
    TIM1_UP_TIM16_IRQHandler                 0x080076a5   Thumb Code     6  stm32g4xx_it.o(i.TIM1_UP_TIM16_IRQHandler)
    TIM3_IRQHandler                          0x080076b1   Thumb Code    16  stm32g4xx_it.o(i.TIM3_IRQHandler)
    TIM_Base_SetConfig                       0x080076c5   Thumb Code   184  stm32g4xx_hal_tim.o(i.TIM_Base_SetConfig)
    TIM_CCxChannelCmd                        0x080077a1   Thumb Code    26  stm32g4xx_hal_tim.o(i.TIM_CCxChannelCmd)
    TIM_ETR_SetConfig                        0x080077d5   Thumb Code    20  stm32g4xx_hal_tim.o(i.TIM_ETR_SetConfig)
    TIM_OC2_SetConfig                        0x080078b1   Thumb Code   140  stm32g4xx_hal_tim.o(i.TIM_OC2_SetConfig)
    Task_DEBUG                               0x08007c51   Thumb Code   548  taskmanager.o(i.Task_DEBUG)
    Task_Manage_List_Init                    0x08007ef9   Thumb Code    68  taskmanager.o(i.Task_Manage_List_Init)
    Timer_Task_Count                         0x08007f59   Thumb Code    38  taskmanager.o(i.Timer_Task_Count)
    UART_AdvFeatureConfig                    0x08007fc9   Thumb Code   200  stm32g4xx_hal_uart.o(i.UART_AdvFeatureConfig)
    UART_CheckIdleState                      0x08008091   Thumb Code   172  stm32g4xx_hal_uart.o(i.UART_CheckIdleState)
    UART_SetConfig                           0x0800819d   Thumb Code   614  stm32g4xx_hal_uart.o(i.UART_SetConfig)
    UART_WaitOnFlagUntilTimeout              0x08008435   Thumb Code   148  stm32g4xx_hal_uart.o(i.UART_WaitOnFlagUntilTimeout)
    USART3_IRQHandler                        0x080084c9   Thumb Code     6  stm32g4xx_it.o(i.USART3_IRQHandler)
    USBD_CDC_ConfigStrDescriptor             0x080084d5   Thumb Code    16  usbd_desc.o(i.USBD_CDC_ConfigStrDescriptor)
    USBD_CDC_DeviceDescriptor                0x080085c5   Thumb Code     8  usbd_desc.o(i.USBD_CDC_DeviceDescriptor)
    USBD_CDC_GetDeviceQualifierDescriptor    0x08008601   Thumb Code     8  usbd_cdc.o(i.USBD_CDC_GetDeviceQualifierDescriptor)
    USBD_CDC_InterfaceStrDescriptor          0x080086d5   Thumb Code    16  usbd_desc.o(i.USBD_CDC_InterfaceStrDescriptor)
    USBD_CDC_LangIDStrDescriptor             0x080086f9   Thumb Code     8  usbd_desc.o(i.USBD_CDC_LangIDStrDescriptor)
    USBD_CDC_ManufacturerStrDescriptor       0x08008705   Thumb Code    16  usbd_desc.o(i.USBD_CDC_ManufacturerStrDescriptor)
    USBD_CDC_ProductStrDescriptor            0x0800872d   Thumb Code    16  usbd_desc.o(i.USBD_CDC_ProductStrDescriptor)
    USBD_CDC_ReceivePacket                   0x08008759   Thumb Code    40  usbd_cdc.o(i.USBD_CDC_ReceivePacket)
    USBD_CDC_RegisterInterface               0x08008781   Thumb Code    14  usbd_cdc.o(i.USBD_CDC_RegisterInterface)
    USBD_CDC_SerialStrDescriptor             0x08008791   Thumb Code    48  usbd_desc.o(i.USBD_CDC_SerialStrDescriptor)
    USBD_CDC_SetRxBuffer                     0x080087c9   Thumb Code    18  usbd_cdc.o(i.USBD_CDC_SetRxBuffer)
    USBD_CDC_SetTxBuffer                     0x080087db   Thumb Code    22  usbd_cdc.o(i.USBD_CDC_SetTxBuffer)
    USBD_CDC_TransmitPacket                  0x080088af   Thumb Code    54  usbd_cdc.o(i.USBD_CDC_TransmitPacket)
    USBD_ClrClassConfig                      0x080088e5   Thumb Code    16  usbd_core.o(i.USBD_ClrClassConfig)
    USBD_CtlContinueRx                       0x080088f5   Thumb Code    16  usbd_ioreq.o(i.USBD_CtlContinueRx)
    USBD_CtlContinueSendData                 0x08008905   Thumb Code    16  usbd_ioreq.o(i.USBD_CtlContinueSendData)
    USBD_CtlError                            0x08008915   Thumb Code    22  usbd_ctlreq.o(i.USBD_CtlError)
    USBD_CtlPrepareRx                        0x0800892b   Thumb Code    30  usbd_ioreq.o(i.USBD_CtlPrepareRx)
    USBD_CtlReceiveStatus                    0x08008949   Thumb Code    22  usbd_ioreq.o(i.USBD_CtlReceiveStatus)
    USBD_CtlSendData                         0x0800895f   Thumb Code    26  usbd_ioreq.o(i.USBD_CtlSendData)
    USBD_CtlSendStatus                       0x08008979   Thumb Code    22  usbd_ioreq.o(i.USBD_CtlSendStatus)
    USBD_GetString                           0x08008a89   Thumb Code    72  usbd_ctlreq.o(i.USBD_GetString)
    USBD_Init                                0x08008ae9   Thumb Code    38  usbd_core.o(i.USBD_Init)
    USBD_LL_ClearStallEP                     0x08008b0f   Thumb Code    18  usbd_conf.o(i.USBD_LL_ClearStallEP)
    USBD_LL_CloseEP                          0x08008b21   Thumb Code    18  usbd_conf.o(i.USBD_LL_CloseEP)
    USBD_LL_DataInStage                      0x08008b33   Thumb Code   168  usbd_core.o(i.USBD_LL_DataInStage)
    USBD_LL_DataOutStage                     0x08008bdb   Thumb Code   108  usbd_core.o(i.USBD_LL_DataOutStage)
    USBD_LL_GetRxDataSize                    0x08008c47   Thumb Code     8  usbd_conf.o(i.USBD_LL_GetRxDataSize)
    USBD_LL_Init                             0x08008c51   Thumb Code   124  usbd_conf.o(i.USBD_LL_Init)
    USBD_LL_IsStallEP                        0x08008cd5   Thumb Code    30  usbd_conf.o(i.USBD_LL_IsStallEP)
    USBD_LL_OpenEP                           0x08008cf3   Thumb Code    24  usbd_conf.o(i.USBD_LL_OpenEP)
    USBD_LL_PrepareReceive                   0x08008d0b   Thumb Code    18  usbd_conf.o(i.USBD_LL_PrepareReceive)
    USBD_LL_Reset                            0x08008d1d   Thumb Code    90  usbd_core.o(i.USBD_LL_Reset)
    USBD_LL_Resume                           0x08008d77   Thumb Code    20  usbd_core.o(i.USBD_LL_Resume)
    USBD_LL_SOF                              0x08008d8b   Thumb Code    32  usbd_core.o(i.USBD_LL_SOF)
    USBD_LL_SetSpeed                         0x08008dab   Thumb Code     6  usbd_core.o(i.USBD_LL_SetSpeed)
    USBD_LL_SetUSBAddress                    0x08008db1   Thumb Code    18  usbd_conf.o(i.USBD_LL_SetUSBAddress)
    USBD_LL_SetupStage                       0x08008dc3   Thumb Code    96  usbd_core.o(i.USBD_LL_SetupStage)
    USBD_LL_StallEP                          0x08008e23   Thumb Code    18  usbd_conf.o(i.USBD_LL_StallEP)
    USBD_LL_Start                            0x08008e35   Thumb Code    18  usbd_conf.o(i.USBD_LL_Start)
    USBD_LL_Suspend                          0x08008e47   Thumb Code    18  usbd_core.o(i.USBD_LL_Suspend)
    USBD_LL_Transmit                         0x08008e59   Thumb Code    18  usbd_conf.o(i.USBD_LL_Transmit)
    USBD_ParseSetupRequest                   0x08008e6b   Thumb Code    44  usbd_ctlreq.o(i.USBD_ParseSetupRequest)
    USBD_RegisterClass                       0x08008e97   Thumb Code    36  usbd_core.o(i.USBD_RegisterClass)
    USBD_SetClassConfig                      0x08008ebb   Thumb Code    20  usbd_core.o(i.USBD_SetClassConfig)
    USBD_Start                               0x08008f8d   Thumb Code     4  usbd_core.o(i.USBD_Start)
    USBD_StdDevReq                           0x08008f91   Thumb Code   276  usbd_ctlreq.o(i.USBD_StdDevReq)
    USBD_StdEPReq                            0x080090a5   Thumb Code   320  usbd_ctlreq.o(i.USBD_StdEPReq)
    USBD_StdItfReq                           0x080091e5   Thumb Code    82  usbd_ctlreq.o(i.USBD_StdItfReq)
    USBD_static_free                         0x08009237   Thumb Code     2  usbd_conf.o(i.USBD_static_free)
    USBD_static_malloc                       0x08009239   Thumb Code     4  usbd_conf.o(i.USBD_static_malloc)
    USB_ActivateEndpoint                     0x08009241   Thumb Code   874  stm32g4xx_ll_usb.o(i.USB_ActivateEndpoint)
    USB_DeactivateEndpoint                   0x080095ab   Thumb Code   270  stm32g4xx_ll_usb.o(i.USB_DeactivateEndpoint)
    USB_DevConnect                           0x080096b9   Thumb Code    14  stm32g4xx_ll_usb.o(i.USB_DevConnect)
    USB_DevInit                              0x080096c7   Thumb Code    18  stm32g4xx_ll_usb.o(i.USB_DevInit)
    USB_DisableGlobalInt                     0x080096d9   Thumb Code    16  stm32g4xx_ll_usb.o(i.USB_DisableGlobalInt)
    USB_EPClearStall                         0x080096e9   Thumb Code   112  stm32g4xx_ll_usb.o(i.USB_EPClearStall)
    USB_EPSetStall                           0x08009759   Thumb Code    50  stm32g4xx_ll_usb.o(i.USB_EPSetStall)
    USB_EPStartXfer                          0x0800978d   Thumb Code   878  stm32g4xx_ll_usb.o(i.USB_EPStartXfer)
    USB_EnableGlobalInt                      0x08009afb   Thumb Code    18  stm32g4xx_ll_usb.o(i.USB_EnableGlobalInt)
    USB_LP_IRQHandler                        0x08009b0d   Thumb Code     6  stm32g4xx_it.o(i.USB_LP_IRQHandler)
    USB_ReadInterrupts                       0x08009b19   Thumb Code     6  stm32g4xx_ll_usb.o(i.USB_ReadInterrupts)
    USB_ReadPMA                              0x08009b1f   Thumb Code    40  stm32g4xx_ll_usb.o(i.USB_ReadPMA)
    USB_SetDevAddress                        0x08009b47   Thumb Code    12  stm32g4xx_ll_usb.o(i.USB_SetDevAddress)
    USB_WritePMA                             0x08009b55   Thumb Code    38  stm32g4xx_ll_usb.o(i.USB_WritePMA)
    UVW_Axis_DQ                              0x08009b7d   Thumb Code    90  foc.o(i.UVW_Axis_DQ)
    UsageFault_Handler                       0x08009be5   Thumb Code     2  stm32g4xx_it.o(i.UsageFault_Handler)
    VF_Control_Run                           0x08009be9   Thumb Code   324  vf.o(i.VF_Control_Run)
    ZeroCurrOffset_Calibration               0x08009e35   Thumb Code   146  adc_sample.o(i.ZeroCurrOffset_Calibration)
    __ARM_fpclassifyf                        0x08009ecd   Thumb Code    38  fpclassifyf.o(i.__ARM_fpclassifyf)
    __hardfp_cosf                            0x08009f15   Thumb Code   280  cosf.o(i.__hardfp_cosf)
    __hardfp_sinf                            0x0800a065   Thumb Code   344  sinf.o(i.__hardfp_sinf)
    __hardfp_sqrtf                           0x0800a1f5   Thumb Code    58  sqrtf.o(i.__hardfp_sqrtf)
    __mathlib_flt_infnan                     0x0800a22f   Thumb Code     6  funder.o(i.__mathlib_flt_infnan)
    __mathlib_flt_invalid                    0x0800a235   Thumb Code    10  funder.o(i.__mathlib_flt_invalid)
    __mathlib_flt_underflow                  0x0800a245   Thumb Code    10  funder.o(i.__mathlib_flt_underflow)
    __mathlib_rredf2                         0x0800a255   Thumb Code   316  rredf.o(i.__mathlib_rredf2)
    __scatterload_copy                       0x0800a3a9   Thumb Code    14  handlers.o(i.__scatterload_copy)
    __scatterload_null                       0x0800a3b7   Thumb Code     2  handlers.o(i.__scatterload_null)
    __scatterload_zeroinit                   0x0800a3b9   Thumb Code    14  handlers.o(i.__scatterload_zeroinit)
    __set_errno                              0x0800a3c9   Thumb Code     6  errno.o(i.__set_errno)
    get_key_bsptick                          0x0800a3d5   Thumb Code     4  key_bsp.o(i.get_key_bsptick)
    hold_filter                              0x0800a3d9   Thumb Code    84  key_driver.o(i.hold_filter)
    key_array_init                           0x0800a42d   Thumb Code   116  key_driver.o(i.key_array_init)
    key_bsp_init                             0x0800a4a5   Thumb Code     2  key_bsp.o(i.key_bsp_init)
    key_bsp_read_pin                         0x0800a4a7   Thumb Code     4  key_bsp.o(i.key_bsp_read_pin)
    key_check                                0x0800a4ad   Thumb Code    84  key_driver.o(i.key_check)
    key_driver_init                          0x0800a509   Thumb Code    14  key_driver.o(i.key_driver_init)
    key_process                              0x0800a519   Thumb Code   212  key_driver.o(i.key_process)
    main                                     0x0800a5f1   Thumb Code   138  main.o(i.main)
    mypow                                    0x0800a68d   Thumb Code    16  lcd.o(i.mypow)
    svpwm_Cale                               0x0800a69d   Thumb Code   288  svpwm.o(i.svpwm_Cale)
    task_send_Rece                           0x0800a7cd   Thumb Code    10  taskmanager.o(i.task_send_Rece)
    UARTPrescTable                           0x0800a7dc   Data          24  stm32g4xx_hal_uart.o(.constdata)
    AHBPrescTable                            0x0800a804   Data          16  system_stm32g4xx.o(.constdata)
    APBPrescTable                            0x0800a814   Data           8  system_stm32g4xx.o(.constdata)
    ascii_1206                               0x0800a81c   Data        1140  lcd.o(.constdata)
    ascii_1608                               0x0800ac90   Data        1520  lcd.o(.constdata)
    ascii_2412                               0x0800b280   Data        4560  lcd.o(.constdata)
    ascii_3216                               0x0800c450   Data        6080  lcd.o(.constdata)
    tfont12                                  0x0800dc10   Data         130  lcd.o(.constdata)
    tfont16                                  0x0800dc92   Data         170  lcd.o(.constdata)
    tfont24                                  0x0800dd3c   Data         370  lcd.o(.constdata)
    tfont32                                  0x0800deae   Data         650  lcd.o(.constdata)
    fSin                                     0x0800e13c   Data        4100  common_math.o(.constdata)
    Region$$Table$$Base                      0x0800f160   Number         0  anon$$obj.o(Region$$Table)
    Region$$Table$$Limit                     0x0800f180   Number         0  anon$$obj.o(Region$$Table)
    adc1_buff                                0x20000000   Data           4  main.o(.data)
    adc2_buff                                0x20000004   Data           8  main.o(.data)
    CDC_Desc                                 0x20000010   Data          32  usbd_desc.o(.data)
    USBD_LangIDDesc                          0x20000030   Data           4  usbd_desc.o(.data)
    USBD_CDC_DeviceDesc                      0x20000034   Data          18  usbd_desc.o(.data)
    USBD_StringSerial                        0x20000048   Data          26  usbd_desc.o(.data)
    USBD_Interface_fops_FS                   0x20000064   Data          20  usbd_cdc_if.o(.data)
    uwTickPrio                               0x20000078   Data           4  stm32g4xx_hal.o(.data)
    uwTickFreq                               0x2000007c   Data           4  stm32g4xx_hal.o(.data)
    uwTick                                   0x20000080   Data           4  stm32g4xx_hal.o(.data)
    SystemCoreClock                          0x20000084   Data           4  system_stm32g4xx.o(.data)
    USBD_CDC                                 0x20000164   Data          56  usbd_cdc.o(.data)
    VF_HzRamp                                0x2000019c   Data          20  vf.o(.data)
    Flux_in_wb                               0x200001c0   Data           8  flux.o(.data)
    FluxS_in_wb                              0x200001c8   Data           8  flux.o(.data)
    FluxR_in_wb                              0x200001d0   Data           8  flux.o(.data)
    hadc1                                    0x200001dc   Data         108  adc.o(.bss)
    hadc2                                    0x20000248   Data         108  adc.o(.bss)
    hdma_adc1                                0x200002b4   Data          96  adc.o(.bss)
    hdma_adc2                                0x20000314   Data          96  adc.o(.bss)
    hfdcan1                                  0x20000374   Data         100  fdcan.o(.bss)
    hspi3                                    0x200003d8   Data         100  spi.o(.bss)
    htim1                                    0x2000043c   Data          76  tim.o(.bss)
    htim3                                    0x20000488   Data          76  tim.o(.bss)
    huart3                                   0x200004d4   Data         148  usart.o(.bss)
    hdma_usart3_rx                           0x20000568   Data          96  usart.o(.bss)
    hdma_usart3_tx                           0x200005c8   Data          96  usart.o(.bss)
    hpcd_USB_FS                              0x20000848   Data         732  usbd_conf.o(.bss)
    hUsbDeviceFS                             0x20000b24   Data         720  usb_device.o(.bss)
    USBD_StrDesc                             0x20000df4   Data         512  usbd_desc.o(.bss)
    UserRxBufferFS                           0x20000ff4   Data        2048  usbd_cdc_if.o(.bss)
    UserTxBufferFS                           0x200017f4   Data        2048  usbd_cdc_if.o(.bss)
    TasksPare                                0x20002010   Data          40  taskmanager.o(.bss)
    key_array                                0x20002038   Data         240  key_driver.o(.bss)
    SpeedRpm_GXieLv                          0x20002128   Data          20  foc.o(.bss)
    I_q_GXieLv                               0x2000213c   Data          20  foc.o(.bss)
    I_d_GXieLv                               0x20002150   Data          20  foc.o(.bss)
    CLARKE_PCurr                             0x20002164   Data          20  foc.o(.bss)
    PARK_PCurr                               0x20002178   Data          28  foc.o(.bss)
    IPARK_PVdq                               0x20002194   Data          28  foc.o(.bss)
    Park_SinCos                              0x200021b0   Data          12  foc.o(.bss)
    Svpwm_dq                                 0x200021c8   Data          44  vf.o(.bss)
    Volt_CurrPara                            0x200021f4   Data          24  adc_sample.o(.bss)
    motor                                    0x2000220c   Data          76  motorcontrol.o(.bss)
    ADCSampPara                              0x20002258   Data          18  motorcontrol.o(.bss)
    pi_spd                                   0x2000226c   Data          48  pi_cale.o(.bss)
    pi_id                                    0x2000229c   Data          48  pi_cale.o(.bss)
    pi_iq                                    0x200022cc   Data          48  pi_cale.o(.bss)
    Foc_observer                             0x200022fc   Data          80  flux.o(.bss)
    __initial_sp                             0x20002750   Data           0  startup_stm32g474xx.o(STACK)



==============================================================================

Memory Map of the image

  Image Entry point : 0x080001d9

  Load Region LR_IROM1 (Base: 0x08000000, Size: 0x0000f35c, Max: 0x00080000, ABSOLUTE, COMPRESSED[0x0000f250])

    Execution Region ER_IROM1 (Exec base: 0x08000000, Load base: 0x08000000, Size: 0x0000f180, Max: 0x00080000, ABSOLUTE)

    Exec Addr    Load Addr    Size         Type   Attr      Idx    E Section Name        Object

    0x08000000   0x08000000   0x000001d8   Data   RO            3    RESET               startup_stm32g474xx.o
    0x080001d8   0x080001d8   0x00000000   Code   RO         7176  * .ARM.Collect$$$$00000000  mc_w.l(entry.o)
    0x080001d8   0x080001d8   0x00000004   Code   RO         7210    .ARM.Collect$$$$00000001  mc_w.l(entry2.o)
    0x080001dc   0x080001dc   0x00000004   Code   RO         7213    .ARM.Collect$$$$00000004  mc_w.l(entry5.o)
    0x080001e0   0x080001e0   0x00000000   Code   RO         7215    .ARM.Collect$$$$00000008  mc_w.l(entry7b.o)
    0x080001e0   0x080001e0   0x00000000   Code   RO         7217    .ARM.Collect$$$$0000000A  mc_w.l(entry8b.o)
    0x080001e0   0x080001e0   0x00000008   Code   RO         7218    .ARM.Collect$$$$0000000B  mc_w.l(entry9a.o)
    0x080001e8   0x080001e8   0x00000000   Code   RO         7220    .ARM.Collect$$$$0000000D  mc_w.l(entry10a.o)
    0x080001e8   0x080001e8   0x00000000   Code   RO         7222    .ARM.Collect$$$$0000000F  mc_w.l(entry11a.o)
    0x080001e8   0x080001e8   0x00000004   Code   RO         7211    .ARM.Collect$$$$00002712  mc_w.l(entry2.o)
    0x080001ec   0x080001ec   0x00000100   Code   RO         6823    .RAM_FUNC           adc_sample.o
    0x080002ec   0x080002ec   0x00000018   Code   RO         6932    .RAM_FUNC           motorcontrol.o
    0x08000304   0x08000304   0x00000024   Code   RO            4    .text               startup_stm32g474xx.o
    0x08000328   0x08000328   0x00000062   Code   RO         7179    .text               mc_w.l(uldiv.o)
    0x0800038a   0x0800038a   0x00000024   Code   RO         7181    .text               mc_w.l(memseta.o)
    0x080003ae   0x080003ae   0x0000014e   Code   RO         7183    .text               mf_w.l(dadd.o)
    0x080004fc   0x080004fc   0x000000e4   Code   RO         7185    .text               mf_w.l(dmul.o)
    0x080005e0   0x080005e0   0x00000026   Code   RO         7187    .text               mf_w.l(f2d.o)
    0x08000606   0x08000606   0x00000038   Code   RO         7189    .text               mf_w.l(d2f.o)
    0x0800063e   0x0800063e   0x0000001e   Code   RO         7224    .text               mc_w.l(llshl.o)
    0x0800065c   0x0800065c   0x00000020   Code   RO         7226    .text               mc_w.l(llushr.o)
    0x0800067c   0x0800067c   0x00000024   Code   RO         7228    .text               mc_w.l(llsshr.o)
    0x080006a0   0x080006a0   0x00000000   Code   RO         7237    .text               mc_w.l(iusefp.o)
    0x080006a0   0x080006a0   0x0000006e   Code   RO         7238    .text               mf_w.l(fepilogue.o)
    0x0800070e   0x0800070e   0x000000ba   Code   RO         7240    .text               mf_w.l(depilogue.o)
    0x080007c8   0x080007c8   0x00000024   Code   RO         7242    .text               mc_w.l(init.o)
    0x080007ec   0x080007ec   0x00000056   Code   RO         7252    .text               mc_w.l(__dczerorl2.o)
    0x08000842   0x08000842   0x00000002   PAD
    0x08000844   0x08000844   0x0000001c   Code   RO          576    i.ADC1_2_IRQHandler  stm32g4xx_it.o
    0x08000860   0x08000860   0x00000068   Code   RO         3097    i.ADC_DMAConvCplt   stm32g4xx_hal_adc.o
    0x080008c8   0x080008c8   0x0000001a   Code   RO         3098    i.ADC_DMAError      stm32g4xx_hal_adc.o
    0x080008e2   0x080008e2   0x0000000a   Code   RO         3099    i.ADC_DMAHalfConvCplt  stm32g4xx_hal_adc.o
    0x080008ec   0x080008ec   0x00000070   Code   RO         3100    i.ADC_Disable       stm32g4xx_hal_adc.o
    0x0800095c   0x0800095c   0x000000c4   Code   RO         3101    i.ADC_Enable        stm32g4xx_hal_adc.o
    0x08000a20   0x08000a20   0x00000068   Code   RO         7088    i.Angel_Get         flux.o
    0x08000a88   0x08000a88   0x00000002   Code   RO         6558    i.Balance_Control   taskmanager.o
    0x08000a8a   0x08000a8a   0x00000002   Code   RO          577    i.BusFault_Handler  stm32g4xx_it.o
    0x08000a8c   0x08000a8c   0x00000004   Code   RO         1071    i.CDC_Control_FS    usbd_cdc_if.o
    0x08000a90   0x08000a90   0x00000004   Code   RO         1072    i.CDC_DeInit_FS     usbd_cdc_if.o
    0x08000a94   0x08000a94   0x00000024   Code   RO         1073    i.CDC_Init_FS       usbd_cdc_if.o
    0x08000ab8   0x08000ab8   0x00000018   Code   RO         1074    i.CDC_Receive_FS    usbd_cdc_if.o
    0x08000ad0   0x08000ad0   0x00000004   Code   RO         1075    i.CDC_TransmitCplt_FS  usbd_cdc_if.o
    0x08000ad4   0x08000ad4   0x0000002c   Code   RO         1076    i.CDC_Transmit_FS   usbd_cdc_if.o
    0x08000b00   0x08000b00   0x00000028   Code   RO         6724    i.CLARKE_Cale       foc.o
    0x08000b28   0x08000b28   0x0000000c   Code   RO          578    i.DMA1_Channel1_IRQHandler  stm32g4xx_it.o
    0x08000b34   0x08000b34   0x0000000c   Code   RO          579    i.DMA1_Channel2_IRQHandler  stm32g4xx_it.o
    0x08000b40   0x08000b40   0x0000000c   Code   RO          580    i.DMA1_Channel3_IRQHandler  stm32g4xx_it.o
    0x08000b4c   0x08000b4c   0x0000000c   Code   RO          581    i.DMA1_Channel4_IRQHandler  stm32g4xx_it.o
    0x08000b58   0x08000b58   0x00000048   Code   RO         2442    i.DMA_CalcDMAMUXChannelBaseAndMask  stm32g4xx_hal_dma.o
    0x08000ba0   0x08000ba0   0x00000028   Code   RO         2443    i.DMA_CalcDMAMUXRequestGenBaseAndMask  stm32g4xx_hal_dma.o
    0x08000bc8   0x08000bc8   0x0000003e   Code   RO         2444    i.DMA_SetConfig     stm32g4xx_hal_dma.o
    0x08000c06   0x08000c06   0x00000002   PAD
    0x08000c08   0x08000c08   0x000000ac   Code   RO         7089    i.Deadtime_Comp_ab  flux.o
    0x08000cb4   0x08000cb4   0x00000002   Code   RO          582    i.DebugMon_Handler  stm32g4xx_it.o
    0x08000cb6   0x08000cb6   0x00000004   Code   RO           13    i.Error_Handler     main.o
    0x08000cba   0x08000cba   0x00000002   PAD
    0x08000cbc   0x08000cbc   0x00000034   Code   RO         6559    i.Execute_Task_List_RUN  taskmanager.o
    0x08000cf0   0x08000cf0   0x0000000c   Code   RO          583    i.FDCAN1_IT0_IRQHandler  stm32g4xx_it.o
    0x08000cfc   0x08000cfc   0x0000000c   Code   RO          584    i.FDCAN1_IT1_IRQHandler  stm32g4xx_it.o
    0x08000d08   0x08000d08   0x0000005c   Code   RO         6725    i.FOC_Svpwm_dq      foc.o
    0x08000d64   0x08000d64   0x000000b0   Code   RO         7090    i.Flux_Observer_Init  flux.o
    0x08000e14   0x08000e14   0x000001ac   Code   RO         6933    i.Foc_Control       motorcontrol.o
    0x08000fc0   0x08000fc0   0x0000004c   Code   RO         7058    i.Foc_Pwm_Start     drvpwmout.o
    0x0800100c   0x0800100c   0x0000003c   Code   RO         7059    i.Foc_Pwm_Stop      drvpwmout.o
    0x08001048   0x08001048   0x00000034   Code   RO         6861    i.Grad_XieLv        common_math.o
    0x0800107c   0x0800107c   0x00000094   Code   RO         3334    i.HAL_ADCEx_Calibration_Start  stm32g4xx_hal_adc_ex.o
    0x08001110   0x08001110   0x00000002   Code   RO         3338    i.HAL_ADCEx_EndOfSamplingCallback  stm32g4xx_hal_adc_ex.o
    0x08001112   0x08001112   0x00000002   PAD
    0x08001114   0x08001114   0x0000055c   Code   RO         3340    i.HAL_ADCEx_InjectedConfigChannel  stm32g4xx_hal_adc_ex.o
    0x08001670   0x08001670   0x00000002   Code   RO         3344    i.HAL_ADCEx_InjectedQueueOverflowCallback  stm32g4xx_hal_adc_ex.o
    0x08001672   0x08001672   0x00000002   PAD
    0x08001674   0x08001674   0x00000120   Code   RO         3345    i.HAL_ADCEx_InjectedStart  stm32g4xx_hal_adc_ex.o
    0x08001794   0x08001794   0x00000158   Code   RO         3346    i.HAL_ADCEx_InjectedStart_IT  stm32g4xx_hal_adc_ex.o
    0x080018ec   0x080018ec   0x00000002   Code   RO         3349    i.HAL_ADCEx_LevelOutOfWindow2Callback  stm32g4xx_hal_adc_ex.o
    0x080018ee   0x080018ee   0x00000002   Code   RO         3350    i.HAL_ADCEx_LevelOutOfWindow3Callback  stm32g4xx_hal_adc_ex.o
    0x080018f0   0x080018f0   0x0000015c   Code   RO         3351    i.HAL_ADCEx_MultiModeConfigChannel  stm32g4xx_hal_adc_ex.o
    0x08001a4c   0x08001a4c   0x00000464   Code   RO         3103    i.HAL_ADC_ConfigChannel  stm32g4xx_hal_adc.o
    0x08001eb0   0x08001eb0   0x00000002   Code   RO         3104    i.HAL_ADC_ConvCpltCallback  stm32g4xx_hal_adc.o
    0x08001eb2   0x08001eb2   0x00000002   Code   RO         3105    i.HAL_ADC_ConvHalfCpltCallback  stm32g4xx_hal_adc.o
    0x08001eb4   0x08001eb4   0x00000002   Code   RO         3107    i.HAL_ADC_ErrorCallback  stm32g4xx_hal_adc.o
    0x08001eb6   0x08001eb6   0x00000002   PAD
    0x08001eb8   0x08001eb8   0x000002b8   Code   RO         3111    i.HAL_ADC_IRQHandler  stm32g4xx_hal_adc.o
    0x08002170   0x08002170   0x00000234   Code   RO         3112    i.HAL_ADC_Init      stm32g4xx_hal_adc.o
    0x080023a4   0x080023a4   0x00000002   Code   RO         3113    i.HAL_ADC_LevelOutOfWindowCallback  stm32g4xx_hal_adc.o
    0x080023a6   0x080023a6   0x00000002   PAD
    0x080023a8   0x080023a8   0x00000198   Code   RO          324    i.HAL_ADC_MspInit   adc.o
    0x08002540   0x08002540   0x0000012c   Code   RO         3120    i.HAL_ADC_Start_DMA  stm32g4xx_hal_adc.o
    0x0800266c   0x0800266c   0x00000070   Code   RO         2445    i.HAL_DMA_Abort     stm32g4xx_hal_dma.o
    0x080026dc   0x080026dc   0x00000078   Code   RO         2446    i.HAL_DMA_Abort_IT  stm32g4xx_hal_dma.o
    0x08002754   0x08002754   0x000000ba   Code   RO         2450    i.HAL_DMA_IRQHandler  stm32g4xx_hal_dma.o
    0x0800280e   0x0800280e   0x00000002   PAD
    0x08002810   0x08002810   0x000000c4   Code   RO         2451    i.HAL_DMA_Init      stm32g4xx_hal_dma.o
    0x080028d4   0x080028d4   0x0000008c   Code   RO         2455    i.HAL_DMA_Start_IT  stm32g4xx_hal_dma.o
    0x08002960   0x08002960   0x00000024   Code   RO         1582    i.HAL_Delay         stm32g4xx_hal.o
    0x08002984   0x08002984   0x00000002   Code   RO         3569    i.HAL_FDCAN_ErrorCallback  stm32g4xx_hal_fdcan.o
    0x08002986   0x08002986   0x00000002   Code   RO         3570    i.HAL_FDCAN_ErrorStatusCallback  stm32g4xx_hal_fdcan.o
    0x08002988   0x08002988   0x00000002   Code   RO         3585    i.HAL_FDCAN_HighPriorityMessageCallback  stm32g4xx_hal_fdcan.o
    0x0800298a   0x0800298a   0x00000164   Code   RO         3586    i.HAL_FDCAN_IRQHandler  stm32g4xx_hal_fdcan.o
    0x08002aee   0x08002aee   0x00000002   PAD
    0x08002af0   0x08002af0   0x00000218   Code   RO         3587    i.HAL_FDCAN_Init    stm32g4xx_hal_fdcan.o
    0x08002d08   0x08002d08   0x000000a0   Code   RO          397    i.HAL_FDCAN_MspInit  fdcan.o
    0x08002da8   0x08002da8   0x00000002   Code   RO         3594    i.HAL_FDCAN_RxFifo0Callback  stm32g4xx_hal_fdcan.o
    0x08002daa   0x08002daa   0x00000002   Code   RO         3595    i.HAL_FDCAN_RxFifo1Callback  stm32g4xx_hal_fdcan.o
    0x08002dac   0x08002dac   0x00000002   Code   RO         3598    i.HAL_FDCAN_TimeoutOccurredCallback  stm32g4xx_hal_fdcan.o
    0x08002dae   0x08002dae   0x00000002   Code   RO         3599    i.HAL_FDCAN_TimestampWraparoundCallback  stm32g4xx_hal_fdcan.o
    0x08002db0   0x08002db0   0x00000002   Code   RO         3600    i.HAL_FDCAN_TxBufferAbortCallback  stm32g4xx_hal_fdcan.o
    0x08002db2   0x08002db2   0x00000002   Code   RO         3601    i.HAL_FDCAN_TxBufferCompleteCallback  stm32g4xx_hal_fdcan.o
    0x08002db4   0x08002db4   0x00000002   Code   RO         3602    i.HAL_FDCAN_TxEventFifoCallback  stm32g4xx_hal_fdcan.o
    0x08002db6   0x08002db6   0x00000002   Code   RO         3603    i.HAL_FDCAN_TxFifoEmptyCallback  stm32g4xx_hal_fdcan.o
    0x08002db8   0x08002db8   0x00000234   Code   RO         2307    i.HAL_GPIO_Init     stm32g4xx_hal_gpio.o
    0x08002fec   0x08002fec   0x0000000a   Code   RO         2309    i.HAL_GPIO_ReadPin  stm32g4xx_hal_gpio.o
    0x08002ff6   0x08002ff6   0x00000010   Code   RO         2310    i.HAL_GPIO_TogglePin  stm32g4xx_hal_gpio.o
    0x08003006   0x08003006   0x0000000a   Code   RO         2311    i.HAL_GPIO_WritePin  stm32g4xx_hal_gpio.o
    0x08003010   0x08003010   0x0000000c   Code   RO         1586    i.HAL_GetTick       stm32g4xx_hal.o
    0x0800301c   0x0800301c   0x00000010   Code   RO         1592    i.HAL_IncTick       stm32g4xx_hal.o
    0x0800302c   0x0800302c   0x0000001e   Code   RO         1593    i.HAL_Init          stm32g4xx_hal.o
    0x0800304a   0x0800304a   0x00000002   PAD
    0x0800304c   0x0800304c   0x00000044   Code   RO         1594    i.HAL_InitTick      stm32g4xx_hal.o
    0x08003090   0x08003090   0x00000030   Code   RO          718    i.HAL_MspInit       stm32g4xx_hal_msp.o
    0x080030c0   0x080030c0   0x0000001a   Code   RO         2956    i.HAL_NVIC_EnableIRQ  stm32g4xx_hal_cortex.o
    0x080030da   0x080030da   0x00000002   PAD
    0x080030dc   0x080030dc   0x00000040   Code   RO         2962    i.HAL_NVIC_SetPriority  stm32g4xx_hal_cortex.o
    0x0800311c   0x0800311c   0x00000024   Code   RO         2963    i.HAL_NVIC_SetPriorityGrouping  stm32g4xx_hal_cortex.o
    0x08003140   0x08003140   0x00000024   Code   RO         1360    i.HAL_PCDEx_ActivateLPM  stm32g4xx_hal_pcd_ex.o
    0x08003164   0x08003164   0x00000044   Code   RO          742    i.HAL_PCDEx_LPM_Callback  usbd_conf.o
    0x080031a8   0x080031a8   0x0000003c   Code   RO         1366    i.HAL_PCDEx_PMAConfig  stm32g4xx_hal_pcd_ex.o
    0x080031e4   0x080031e4   0x00000012   Code   RO          744    i.HAL_PCD_DataInStageCallback  usbd_conf.o
    0x080031f6   0x080031f6   0x00000014   Code   RO          745    i.HAL_PCD_DataOutStageCallback  usbd_conf.o
    0x0800320a   0x0800320a   0x0000004a   Code   RO         1138    i.HAL_PCD_EP_Close  stm32g4xx_hal_pcd.o
    0x08003254   0x08003254   0x0000005a   Code   RO         1139    i.HAL_PCD_EP_ClrStall  stm32g4xx_hal_pcd.o
    0x080032ae   0x080032ae   0x000000dc   Code   RO         1140    i.HAL_PCD_EP_DB_Receive  stm32g4xx_hal_pcd.o
    0x0800338a   0x0800338a   0x00000380   Code   RO         1141    i.HAL_PCD_EP_DB_Transmit  stm32g4xx_hal_pcd.o
    0x0800370a   0x0800370a   0x00000012   Code   RO         1143    i.HAL_PCD_EP_GetRxCount  stm32g4xx_hal_pcd.o
    0x0800371c   0x0800371c   0x0000005c   Code   RO         1144    i.HAL_PCD_EP_Open   stm32g4xx_hal_pcd.o
    0x08003778   0x08003778   0x0000002e   Code   RO         1145    i.HAL_PCD_EP_Receive  stm32g4xx_hal_pcd.o
    0x080037a6   0x080037a6   0x0000005e   Code   RO         1146    i.HAL_PCD_EP_SetStall  stm32g4xx_hal_pcd.o
    0x08003804   0x08003804   0x0000002e   Code   RO         1147    i.HAL_PCD_EP_Transmit  stm32g4xx_hal_pcd.o
    0x08003832   0x08003832   0x0000014a   Code   RO         1149    i.HAL_PCD_IRQHandler  stm32g4xx_hal_pcd.o
    0x0800397c   0x0800397c   0x0000009c   Code   RO         1152    i.HAL_PCD_Init      stm32g4xx_hal_pcd.o
    0x08003a18   0x08003a18   0x00000058   Code   RO          750    i.HAL_PCD_MspInit   usbd_conf.o
    0x08003a70   0x08003a70   0x00000026   Code   RO          751    i.HAL_PCD_ResetCallback  usbd_conf.o
    0x08003a96   0x08003a96   0x00000002   PAD
    0x08003a98   0x08003a98   0x00000028   Code   RO          752    i.HAL_PCD_ResumeCallback  usbd_conf.o
    0x08003ac0   0x08003ac0   0x00000008   Code   RO          753    i.HAL_PCD_SOFCallback  usbd_conf.o
    0x08003ac8   0x08003ac8   0x00000026   Code   RO         1158    i.HAL_PCD_SetAddress  stm32g4xx_hal_pcd.o
    0x08003aee   0x08003aee   0x0000000e   Code   RO          754    i.HAL_PCD_SetupStageCallback  usbd_conf.o
    0x08003afc   0x08003afc   0x0000002a   Code   RO         1160    i.HAL_PCD_Start     stm32g4xx_hal_pcd.o
    0x08003b26   0x08003b26   0x00000002   PAD
    0x08003b28   0x08003b28   0x00000024   Code   RO          755    i.HAL_PCD_SuspendCallback  usbd_conf.o
    0x08003b4c   0x08003b4c   0x000000bc   Code   RO         2710    i.HAL_PWREx_ControlVoltageScaling  stm32g4xx_hal_pwr_ex.o
    0x08003c08   0x08003c08   0x00000010   Code   RO         2722    i.HAL_PWREx_DisableUCPDDeadBattery  stm32g4xx_hal_pwr_ex.o
    0x08003c18   0x08003c18   0x00000300   Code   RO         1953    i.HAL_RCCEx_PeriphCLKConfig  stm32g4xx_hal_rcc_ex.o
    0x08003f18   0x08003f18   0x000001dc   Code   RO         1828    i.HAL_RCC_ClockConfig  stm32g4xx_hal_rcc.o
    0x080040f4   0x080040f4   0x00000024   Code   RO         1836    i.HAL_RCC_GetPCLK1Freq  stm32g4xx_hal_rcc.o
    0x08004118   0x08004118   0x00000024   Code   RO         1837    i.HAL_RCC_GetPCLK2Freq  stm32g4xx_hal_rcc.o
    0x0800413c   0x0800413c   0x0000006c   Code   RO         1838    i.HAL_RCC_GetSysClockFreq  stm32g4xx_hal_rcc.o
    0x080041a8   0x080041a8   0x00000404   Code   RO         1841    i.HAL_RCC_OscConfig  stm32g4xx_hal_rcc.o
    0x080045ac   0x080045ac   0x000000ea   Code   RO         3939    i.HAL_SPI_Init      stm32g4xx_hal_spi.o
    0x08004696   0x08004696   0x00000002   PAD
    0x08004698   0x08004698   0x00000064   Code   RO          439    i.HAL_SPI_MspInit   spi.o
    0x080046fc   0x080046fc   0x0000018e   Code   RO         3947    i.HAL_SPI_Transmit  stm32g4xx_hal_spi.o
    0x0800488a   0x0800488a   0x00000028   Code   RO         2967    i.HAL_SYSTICK_Config  stm32g4xx_hal_cortex.o
    0x080048b2   0x080048b2   0x00000002   Code   RO         4995    i.HAL_TIMEx_Break2Callback  stm32g4xx_hal_tim_ex.o
    0x080048b4   0x080048b4   0x00000002   Code   RO         4996    i.HAL_TIMEx_BreakCallback  stm32g4xx_hal_tim_ex.o
    0x080048b6   0x080048b6   0x00000002   Code   RO         4997    i.HAL_TIMEx_CommutCallback  stm32g4xx_hal_tim_ex.o
    0x080048b8   0x080048b8   0x000000a8   Code   RO         5000    i.HAL_TIMEx_ConfigBreakDeadTime  stm32g4xx_hal_tim_ex.o
    0x08004960   0x08004960   0x00000002   Code   RO         5008    i.HAL_TIMEx_DirectionChangeCallback  stm32g4xx_hal_tim_ex.o
    0x08004962   0x08004962   0x00000002   Code   RO         5022    i.HAL_TIMEx_EncoderIndexCallback  stm32g4xx_hal_tim_ex.o
    0x08004964   0x08004964   0x00000002   Code   RO         5036    i.HAL_TIMEx_IndexErrorCallback  stm32g4xx_hal_tim_ex.o
    0x08004966   0x08004966   0x00000002   PAD
    0x08004968   0x08004968   0x000000b8   Code   RO         5037    i.HAL_TIMEx_MasterConfigSynchronization  stm32g4xx_hal_tim_ex.o
    0x08004a20   0x08004a20   0x000000cc   Code   RO         5049    i.HAL_TIMEx_PWMN_Start  stm32g4xx_hal_tim_ex.o
    0x08004aec   0x08004aec   0x0000006c   Code   RO         5052    i.HAL_TIMEx_PWMN_Stop  stm32g4xx_hal_tim_ex.o
    0x08004b58   0x08004b58   0x00000002   Code   RO         5058    i.HAL_TIMEx_TransitionErrorCallback  stm32g4xx_hal_tim_ex.o
    0x08004b5a   0x08004b5a   0x00000062   Code   RO         4281    i.HAL_TIM_Base_Init  stm32g4xx_hal_tim.o
    0x08004bbc   0x08004bbc   0x00000064   Code   RO          481    i.HAL_TIM_Base_MspInit  tim.o
    0x08004c20   0x08004c20   0x0000008c   Code   RO         4286    i.HAL_TIM_Base_Start_IT  stm32g4xx_hal_tim.o
    0x08004cac   0x08004cac   0x000000f0   Code   RO         4290    i.HAL_TIM_ConfigClockSource  stm32g4xx_hal_tim.o
    0x08004d9c   0x08004d9c   0x00000002   Code   RO         4315    i.HAL_TIM_IC_CaptureCallback  stm32g4xx_hal_tim.o
    0x08004d9e   0x08004d9e   0x000001a2   Code   RO         4329    i.HAL_TIM_IRQHandler  stm32g4xx_hal_tim.o
    0x08004f40   0x08004f40   0x00000094   Code   RO          482    i.HAL_TIM_MspPostInit  tim.o
    0x08004fd4   0x08004fd4   0x00000002   Code   RO         4332    i.HAL_TIM_OC_DelayElapsedCallback  stm32g4xx_hal_tim.o
    0x08004fd6   0x08004fd6   0x00000124   Code   RO         4353    i.HAL_TIM_PWM_ConfigChannel  stm32g4xx_hal_tim.o
    0x080050fa   0x080050fa   0x00000062   Code   RO         4356    i.HAL_TIM_PWM_Init  stm32g4xx_hal_tim.o
    0x0800515c   0x0800515c   0x00000002   Code   RO         4358    i.HAL_TIM_PWM_MspInit  stm32g4xx_hal_tim.o
    0x0800515e   0x0800515e   0x00000002   Code   RO         4359    i.HAL_TIM_PWM_PulseFinishedCallback  stm32g4xx_hal_tim.o
    0x08005160   0x08005160   0x00000114   Code   RO         4361    i.HAL_TIM_PWM_Start  stm32g4xx_hal_tim.o
    0x08005274   0x08005274   0x000000b8   Code   RO         4364    i.HAL_TIM_PWM_Stop  stm32g4xx_hal_tim.o
    0x0800532c   0x0800532c   0x00000002   Code   RO         4367    i.HAL_TIM_PeriodElapsedCallback  stm32g4xx_hal_tim.o
    0x0800532e   0x0800532e   0x00000002   Code   RO         4372    i.HAL_TIM_TriggerCallback  stm32g4xx_hal_tim.o
    0x08005330   0x08005330   0x0000003e   Code   RO         5844    i.HAL_UARTEx_DisableFifoMode  stm32g4xx_hal_uart_ex.o
    0x0800536e   0x0800536e   0x00000002   Code   RO         5433    i.HAL_UARTEx_RxEventCallback  stm32g4xx_hal_uart.o
    0x08005370   0x08005370   0x00000002   Code   RO         5852    i.HAL_UARTEx_RxFifoFullCallback  stm32g4xx_hal_uart_ex.o
    0x08005372   0x08005372   0x0000004c   Code   RO         5853    i.HAL_UARTEx_SetRxFifoThreshold  stm32g4xx_hal_uart_ex.o
    0x080053be   0x080053be   0x0000004c   Code   RO         5854    i.HAL_UARTEx_SetTxFifoThreshold  stm32g4xx_hal_uart_ex.o
    0x0800540a   0x0800540a   0x00000002   Code   RO         5856    i.HAL_UARTEx_TxFifoEmptyCallback  stm32g4xx_hal_uart_ex.o
    0x0800540c   0x0800540c   0x00000002   Code   RO         5857    i.HAL_UARTEx_WakeupCallback  stm32g4xx_hal_uart_ex.o
    0x0800540e   0x0800540e   0x00000002   Code   RO         5449    i.HAL_UART_ErrorCallback  stm32g4xx_hal_uart.o
    0x08005410   0x08005410   0x0000031c   Code   RO         5452    i.HAL_UART_IRQHandler  stm32g4xx_hal_uart.o
    0x0800572c   0x0800572c   0x0000006a   Code   RO         5453    i.HAL_UART_Init     stm32g4xx_hal_uart.o
    0x08005796   0x08005796   0x00000002   PAD
    0x08005798   0x08005798   0x000000f4   Code   RO          535    i.HAL_UART_MspInit  usart.o
    0x0800588c   0x0800588c   0x00000002   Code   RO         5465    i.HAL_UART_TxCpltCallback  stm32g4xx_hal_uart.o
    0x0800588e   0x0800588e   0x00000002   PAD
    0x08005890   0x08005890   0x00000094   Code   RO         6560    i.HFPeriod_RUN      taskmanager.o
    0x08005924   0x08005924   0x00000002   Code   RO          585    i.HardFault_Handler  stm32g4xx_it.o
    0x08005926   0x08005926   0x0000002a   Code   RO         6726    i.IPARK_Cale        foc.o
    0x08005950   0x08005950   0x000000dc   Code   RO         6727    i.Idq_FOC           foc.o
    0x08005a2c   0x08005a2c   0x00000038   Code   RO          985    i.IntToUnicode      usbd_desc.o
    0x08005a64   0x08005a64   0x00000024   Code   RO         6900    i.InvProtect_Check  invprotect.o
    0x08005a88   0x08005a88   0x00000018   Code   RO         6901    i.InvProtect_Clear  invprotect.o
    0x08005aa0   0x08005aa0   0x00000148   Code   RO         6561    i.KEY_RUN           taskmanager.o
    0x08005be8   0x08005be8   0x00000042   Code   RO         6402    i.LCD_Address_Set   lcd.o
    0x08005c2a   0x08005c2a   0x0000009c   Code   RO         6403    i.LCD_DrawLine      lcd.o
    0x08005cc6   0x08005cc6   0x00000016   Code   RO         6404    i.LCD_DrawPoint     lcd.o
    0x08005cdc   0x08005cdc   0x0000003e   Code   RO         6406    i.LCD_Fill          lcd.o
    0x08005d1a   0x08005d1a   0x00000002   PAD
    0x08005d1c   0x08005d1c   0x0000045c   Code   RO         6407    i.LCD_Init          lcd.o
    0x08006178   0x08006178   0x0000010c   Code   RO         6408    i.LCD_ShowChar      lcd.o
    0x08006284   0x08006284   0x0000015c   Code   RO         6415    i.LCD_ShowFloatNum1  lcd.o
    0x080063e0   0x080063e0   0x0000003a   Code   RO         6418    i.LCD_ShowString    lcd.o
    0x0800641a   0x0800641a   0x00000014   Code   RO         6419    i.LCD_WR_DATA       lcd.o
    0x0800642e   0x0800642e   0x00000002   PAD
    0x08006430   0x08006430   0x0000002c   Code   RO         6421    i.LCD_WR_REG        lcd.o
    0x0800645c   0x0800645c   0x00000030   Code   RO         6422    i.LCD_Writ_Bus      lcd.o
    0x0800648c   0x0800648c   0x0000000c   Code   RO         3126    i.LL_ADC_GetOffsetChannel  stm32g4xx_hal_adc.o
    0x08006498   0x08006498   0x0000000c   Code   RO         3359    i.LL_ADC_GetOffsetChannel  stm32g4xx_hal_adc_ex.o
    0x080064a4   0x080064a4   0x00000008   Code   RO         3127    i.LL_ADC_INJ_IsConversionOngoing  stm32g4xx_hal_adc.o
    0x080064ac   0x080064ac   0x00000008   Code   RO         3360    i.LL_ADC_INJ_IsConversionOngoing  stm32g4xx_hal_adc_ex.o
    0x080064b4   0x080064b4   0x00000008   Code   RO         3128    i.LL_ADC_REG_IsConversionOngoing  stm32g4xx_hal_adc.o
    0x080064bc   0x080064bc   0x00000008   Code   RO         3361    i.LL_ADC_REG_IsConversionOngoing  stm32g4xx_hal_adc_ex.o
    0x080064c4   0x080064c4   0x00000010   Code   RO         3129    i.LL_ADC_REG_IsTriggerSourceSWStart  stm32g4xx_hal_adc.o
    0x080064d4   0x080064d4   0x0000001e   Code   RO         3131    i.LL_ADC_SetChannelSamplingTime  stm32g4xx_hal_adc.o
    0x080064f2   0x080064f2   0x0000001e   Code   RO         3362    i.LL_ADC_SetChannelSamplingTime  stm32g4xx_hal_adc_ex.o
    0x08006510   0x08006510   0x00000010   Code   RO         3132    i.LL_ADC_SetOffsetState  stm32g4xx_hal_adc.o
    0x08006520   0x08006520   0x00000010   Code   RO         3363    i.LL_ADC_SetOffsetState  stm32g4xx_hal_adc_ex.o
    0x08006530   0x08006530   0x00000020   Code   RO         6862    i.Limit_Sat         common_math.o
    0x08006550   0x08006550   0x0000012c   Code   RO          325    i.MX_ADC1_Init      adc.o
    0x0800667c   0x0800667c   0x00000110   Code   RO          326    i.MX_ADC2_Init      adc.o
    0x0800678c   0x0800678c   0x0000006c   Code   RO          372    i.MX_DMA_Init       dma.o
    0x080067f8   0x080067f8   0x0000004c   Code   RO          398    i.MX_FDCAN1_Init    fdcan.o
    0x08006844   0x08006844   0x0000010c   Code   RO          299    i.MX_GPIO_Init      gpio.o
    0x08006950   0x08006950   0x00000050   Code   RO          440    i.MX_SPI3_Init      spi.o
    0x080069a0   0x080069a0   0x0000010c   Code   RO          483    i.MX_TIM1_Init      tim.o
    0x08006aac   0x08006aac   0x00000068   Code   RO          484    i.MX_TIM3_Init      tim.o
    0x08006b14   0x08006b14   0x00000068   Code   RO          536    i.MX_USART3_UART_Init  usart.o
    0x08006b7c   0x08006b7c   0x00000054   Code   RO          954    i.MX_USB_Device_Init  usb_device.o
    0x08006bd0   0x08006bd0   0x00000002   Code   RO          586    i.MemManage_Handler  stm32g4xx_it.o
    0x08006bd2   0x08006bd2   0x00000002   Code   RO          587    i.NMI_Handler       stm32g4xx_it.o
    0x08006bd4   0x08006bd4   0x00000278   Code   RO         7091    i.Observer_Run      flux.o
    0x08006e4c   0x08006e4c   0x0000002a   Code   RO         6728    i.PARK_Cale         foc.o
    0x08006e76   0x08006e76   0x00000394   Code   RO         1163    i.PCD_EP_ISR_Handler  stm32g4xx_hal_pcd.o
    0x0800720a   0x0800720a   0x0000006e   Code   RO         6998    i.PID_controller    pi_cale.o
    0x08007278   0x08007278   0x0000005c   Code   RO         6999    i.PI_Init           pi_cale.o
    0x080072d4   0x080072d4   0x00000004   Code   RO         6934    i.PMSM_init         motorcontrol.o
    0x080072d8   0x080072d8   0x00000030   Code   RO         6935    i.PWM_SetDuty       motorcontrol.o
    0x08007308   0x08007308   0x00000010   Code   RO         6936    i.PWM_Update_From_SVPWM  motorcontrol.o
    0x08007318   0x08007318   0x00000002   Code   RO          588    i.PendSV_Handler    stm32g4xx_it.o
    0x0800731a   0x0800731a   0x00000048   Code   RO         3977    i.SPI_EndRxTxTransaction  stm32g4xx_hal_spi.o
    0x08007362   0x08007362   0x00000002   PAD
    0x08007364   0x08007364   0x000000e0   Code   RO         3982    i.SPI_WaitFifoStateUntilTimeout  stm32g4xx_hal_spi.o
    0x08007444   0x08007444   0x000000bc   Code   RO         3983    i.SPI_WaitFlagStateUntilTimeout  stm32g4xx_hal_spi.o
    0x08007500   0x08007500   0x00000002   Code   RO          589    i.SVC_Handler       stm32g4xx_it.o
    0x08007502   0x08007502   0x0000000a   Code   RO         6138    i.SWAPBYTE          usbd_ctlreq.o
    0x0800750c   0x0800750c   0x000000a4   Code   RO         6863    i.SinCos_Table      common_math.o
    0x080075b0   0x080075b0   0x00000074   Code   RO         6729    i.Speed_FOC         foc.o
    0x08007624   0x08007624   0x00000004   Code   RO          590    i.SysTick_Handler   stm32g4xx_it.o
    0x08007628   0x08007628   0x0000006c   Code   RO           14    i.SystemClock_Config  main.o
    0x08007694   0x08007694   0x00000010   Code   RO         5963    i.SystemInit        system_stm32g4xx.o
    0x080076a4   0x080076a4   0x0000000c   Code   RO          591    i.TIM1_UP_TIM16_IRQHandler  stm32g4xx_it.o
    0x080076b0   0x080076b0   0x00000014   Code   RO          592    i.TIM3_IRQHandler   stm32g4xx_it.o
    0x080076c4   0x080076c4   0x000000dc   Code   RO         4374    i.TIM_Base_SetConfig  stm32g4xx_hal_tim.o
    0x080077a0   0x080077a0   0x0000001a   Code   RO         4375    i.TIM_CCxChannelCmd  stm32g4xx_hal_tim.o
    0x080077ba   0x080077ba   0x0000001a   Code   RO         5061    i.TIM_CCxNChannelCmd  stm32g4xx_hal_tim_ex.o
    0x080077d4   0x080077d4   0x00000014   Code   RO         4385    i.TIM_ETR_SetConfig  stm32g4xx_hal_tim.o
    0x080077e8   0x080077e8   0x00000014   Code   RO         4386    i.TIM_ITRx_SetConfig  stm32g4xx_hal_tim.o
    0x080077fc   0x080077fc   0x000000b4   Code   RO         4387    i.TIM_OC1_SetConfig  stm32g4xx_hal_tim.o
    0x080078b0   0x080078b0   0x000000a8   Code   RO         4388    i.TIM_OC2_SetConfig  stm32g4xx_hal_tim.o
    0x08007958   0x08007958   0x000000a8   Code   RO         4389    i.TIM_OC3_SetConfig  stm32g4xx_hal_tim.o
    0x08007a00   0x08007a00   0x000000a8   Code   RO         4390    i.TIM_OC4_SetConfig  stm32g4xx_hal_tim.o
    0x08007aa8   0x08007aa8   0x00000078   Code   RO         4391    i.TIM_OC5_SetConfig  stm32g4xx_hal_tim.o
    0x08007b20   0x08007b20   0x0000007c   Code   RO         4392    i.TIM_OC6_SetConfig  stm32g4xx_hal_tim.o
    0x08007b9c   0x08007b9c   0x00000068   Code   RO         4394    i.TIM_TI1_ConfigInputStage  stm32g4xx_hal_tim.o
    0x08007c04   0x08007c04   0x0000004c   Code   RO         4396    i.TIM_TI2_ConfigInputStage  stm32g4xx_hal_tim.o
    0x08007c50   0x08007c50   0x000002a8   Code   RO         6562    i.Task_DEBUG        taskmanager.o
    0x08007ef8   0x08007ef8   0x00000060   Code   RO         6563    i.Task_Manage_List_Init  taskmanager.o
    0x08007f58   0x08007f58   0x0000002c   Code   RO         6564    i.Timer_Task_Count  taskmanager.o
    0x08007f84   0x08007f84   0x00000044   Code   RO         5858    i.UARTEx_SetNbDataToProcess  stm32g4xx_hal_uart_ex.o
    0x08007fc8   0x08007fc8   0x000000c8   Code   RO         5467    i.UART_AdvFeatureConfig  stm32g4xx_hal_uart.o
    0x08008090   0x08008090   0x000000ac   Code   RO         5468    i.UART_CheckIdleState  stm32g4xx_hal_uart.o
    0x0800813c   0x0800813c   0x0000000a   Code   RO         5469    i.UART_DMAAbortOnError  stm32g4xx_hal_uart.o
    0x08008146   0x08008146   0x00000002   PAD
    0x08008148   0x08008148   0x00000054   Code   RO         5479    i.UART_EndRxTransfer  stm32g4xx_hal_uart.o
    0x0800819c   0x0800819c   0x00000298   Code   RO         5485    i.UART_SetConfig    stm32g4xx_hal_uart.o
    0x08008434   0x08008434   0x00000094   Code   RO         5492    i.UART_WaitOnFlagUntilTimeout  stm32g4xx_hal_uart.o
    0x080084c8   0x080084c8   0x0000000c   Code   RO          593    i.USART3_IRQHandler  stm32g4xx_it.o
    0x080084d4   0x080084d4   0x00000020   Code   RO          986    i.USBD_CDC_ConfigStrDescriptor  usbd_desc.o
    0x080084f4   0x080084f4   0x0000005e   Code   RO         6271    i.USBD_CDC_DataIn   usbd_cdc.o
    0x08008552   0x08008552   0x0000002a   Code   RO         6272    i.USBD_CDC_DataOut  usbd_cdc.o
    0x0800857c   0x0800857c   0x00000048   Code   RO         6273    i.USBD_CDC_DeInit   usbd_cdc.o
    0x080085c4   0x080085c4   0x0000000c   Code   RO          987    i.USBD_CDC_DeviceDescriptor  usbd_desc.o
    0x080085d0   0x080085d0   0x0000002e   Code   RO         6274    i.USBD_CDC_EP0_RxReady  usbd_cdc.o
    0x080085fe   0x080085fe   0x00000002   PAD
    0x08008600   0x08008600   0x0000000c   Code   RO         6275    i.USBD_CDC_GetDeviceQualifierDescriptor  usbd_cdc.o
    0x0800860c   0x0800860c   0x0000000c   Code   RO         6276    i.USBD_CDC_GetFSCfgDesc  usbd_cdc.o
    0x08008618   0x08008618   0x0000000c   Code   RO         6277    i.USBD_CDC_GetHSCfgDesc  usbd_cdc.o
    0x08008624   0x08008624   0x0000000c   Code   RO         6278    i.USBD_CDC_GetOtherSpeedCfgDesc  usbd_cdc.o
    0x08008630   0x08008630   0x000000a2   Code   RO         6279    i.USBD_CDC_Init     usbd_cdc.o
    0x080086d2   0x080086d2   0x00000002   PAD
    0x080086d4   0x080086d4   0x00000024   Code   RO          988    i.USBD_CDC_InterfaceStrDescriptor  usbd_desc.o
    0x080086f8   0x080086f8   0x0000000c   Code   RO          989    i.USBD_CDC_LangIDStrDescriptor  usbd_desc.o
    0x08008704   0x08008704   0x00000028   Code   RO          990    i.USBD_CDC_ManufacturerStrDescriptor  usbd_desc.o
    0x0800872c   0x0800872c   0x0000002c   Code   RO          991    i.USBD_CDC_ProductStrDescriptor  usbd_desc.o
    0x08008758   0x08008758   0x00000028   Code   RO         6280    i.USBD_CDC_ReceivePacket  usbd_cdc.o
    0x08008780   0x08008780   0x0000000e   Code   RO         6281    i.USBD_CDC_RegisterInterface  usbd_cdc.o
    0x0800878e   0x0800878e   0x00000002   PAD
    0x08008790   0x08008790   0x00000038   Code   RO          992    i.USBD_CDC_SerialStrDescriptor  usbd_desc.o
    0x080087c8   0x080087c8   0x00000012   Code   RO         6282    i.USBD_CDC_SetRxBuffer  usbd_cdc.o
    0x080087da   0x080087da   0x00000016   Code   RO         6283    i.USBD_CDC_SetTxBuffer  usbd_cdc.o
    0x080087f0   0x080087f0   0x000000be   Code   RO         6284    i.USBD_CDC_Setup    usbd_cdc.o
    0x080088ae   0x080088ae   0x00000036   Code   RO         6285    i.USBD_CDC_TransmitPacket  usbd_cdc.o
    0x080088e4   0x080088e4   0x00000010   Code   RO         6000    i.USBD_ClrClassConfig  usbd_core.o
    0x080088f4   0x080088f4   0x00000010   Code   RO         6211    i.USBD_CtlContinueRx  usbd_ioreq.o
    0x08008904   0x08008904   0x00000010   Code   RO         6212    i.USBD_CtlContinueSendData  usbd_ioreq.o
    0x08008914   0x08008914   0x00000016   Code   RO         6139    i.USBD_CtlError     usbd_ctlreq.o
    0x0800892a   0x0800892a   0x0000001e   Code   RO         6213    i.USBD_CtlPrepareRx  usbd_ioreq.o
    0x08008948   0x08008948   0x00000016   Code   RO         6214    i.USBD_CtlReceiveStatus  usbd_ioreq.o
    0x0800895e   0x0800895e   0x0000001a   Code   RO         6215    i.USBD_CtlSendData  usbd_ioreq.o
    0x08008978   0x08008978   0x00000016   Code   RO         6216    i.USBD_CtlSendStatus  usbd_ioreq.o
    0x0800898e   0x0800898e   0x000000fa   Code   RO         6140    i.USBD_GetDescriptor  usbd_ctlreq.o
    0x08008a88   0x08008a88   0x00000048   Code   RO         6141    i.USBD_GetString    usbd_ctlreq.o
    0x08008ad0   0x08008ad0   0x00000018   Code   RO          756    i.USBD_Get_USB_Status  usbd_conf.o
    0x08008ae8   0x08008ae8   0x00000026   Code   RO         6002    i.USBD_Init         usbd_core.o
    0x08008b0e   0x08008b0e   0x00000012   Code   RO          757    i.USBD_LL_ClearStallEP  usbd_conf.o
    0x08008b20   0x08008b20   0x00000012   Code   RO          758    i.USBD_LL_CloseEP   usbd_conf.o
    0x08008b32   0x08008b32   0x000000a8   Code   RO         6003    i.USBD_LL_DataInStage  usbd_core.o
    0x08008bda   0x08008bda   0x0000006c   Code   RO         6004    i.USBD_LL_DataOutStage  usbd_core.o
    0x08008c46   0x08008c46   0x00000008   Code   RO          762    i.USBD_LL_GetRxDataSize  usbd_conf.o
    0x08008c4e   0x08008c4e   0x00000002   PAD
    0x08008c50   0x08008c50   0x00000084   Code   RO          763    i.USBD_LL_Init      usbd_conf.o
    0x08008cd4   0x08008cd4   0x0000001e   Code   RO          764    i.USBD_LL_IsStallEP  usbd_conf.o
    0x08008cf2   0x08008cf2   0x00000018   Code   RO          765    i.USBD_LL_OpenEP    usbd_conf.o
    0x08008d0a   0x08008d0a   0x00000012   Code   RO          766    i.USBD_LL_PrepareReceive  usbd_conf.o
    0x08008d1c   0x08008d1c   0x0000005a   Code   RO         6009    i.USBD_LL_Reset     usbd_core.o
    0x08008d76   0x08008d76   0x00000014   Code   RO         6010    i.USBD_LL_Resume    usbd_core.o
    0x08008d8a   0x08008d8a   0x00000020   Code   RO         6011    i.USBD_LL_SOF       usbd_core.o
    0x08008daa   0x08008daa   0x00000006   Code   RO         6012    i.USBD_LL_SetSpeed  usbd_core.o
    0x08008db0   0x08008db0   0x00000012   Code   RO          767    i.USBD_LL_SetUSBAddress  usbd_conf.o
    0x08008dc2   0x08008dc2   0x00000060   Code   RO         6013    i.USBD_LL_SetupStage  usbd_core.o
    0x08008e22   0x08008e22   0x00000012   Code   RO          768    i.USBD_LL_StallEP   usbd_conf.o
    0x08008e34   0x08008e34   0x00000012   Code   RO          769    i.USBD_LL_Start     usbd_conf.o
    0x08008e46   0x08008e46   0x00000012   Code   RO         6014    i.USBD_LL_Suspend   usbd_core.o
    0x08008e58   0x08008e58   0x00000012   Code   RO          771    i.USBD_LL_Transmit  usbd_conf.o
    0x08008e6a   0x08008e6a   0x0000002c   Code   RO         6142    i.USBD_ParseSetupRequest  usbd_ctlreq.o
    0x08008e96   0x08008e96   0x00000024   Code   RO         6015    i.USBD_RegisterClass  usbd_core.o
    0x08008eba   0x08008eba   0x00000014   Code   RO         6017    i.USBD_SetClassConfig  usbd_core.o
    0x08008ece   0x08008ece   0x00000002   PAD
    0x08008ed0   0x08008ed0   0x000000bc   Code   RO         6143    i.USBD_SetConfig    usbd_ctlreq.o
    0x08008f8c   0x08008f8c   0x00000004   Code   RO         6018    i.USBD_Start        usbd_core.o
    0x08008f90   0x08008f90   0x00000114   Code   RO         6144    i.USBD_StdDevReq    usbd_ctlreq.o
    0x080090a4   0x080090a4   0x00000140   Code   RO         6145    i.USBD_StdEPReq     usbd_ctlreq.o
    0x080091e4   0x080091e4   0x00000052   Code   RO         6146    i.USBD_StdItfReq    usbd_ctlreq.o
    0x08009236   0x08009236   0x00000002   Code   RO          772    i.USBD_static_free  usbd_conf.o
    0x08009238   0x08009238   0x00000008   Code   RO          773    i.USBD_static_malloc  usbd_conf.o
    0x08009240   0x08009240   0x0000036a   Code   RO         1425    i.USB_ActivateEndpoint  stm32g4xx_ll_usb.o
    0x080095aa   0x080095aa   0x0000010e   Code   RO         1429    i.USB_DeactivateEndpoint  stm32g4xx_ll_usb.o
    0x080096b8   0x080096b8   0x0000000e   Code   RO         1430    i.USB_DevConnect    stm32g4xx_ll_usb.o
    0x080096c6   0x080096c6   0x00000012   Code   RO         1432    i.USB_DevInit       stm32g4xx_ll_usb.o
    0x080096d8   0x080096d8   0x00000010   Code   RO         1433    i.USB_DisableGlobalInt  stm32g4xx_ll_usb.o
    0x080096e8   0x080096e8   0x00000070   Code   RO         1434    i.USB_EPClearStall  stm32g4xx_ll_usb.o
    0x08009758   0x08009758   0x00000032   Code   RO         1435    i.USB_EPSetStall    stm32g4xx_ll_usb.o
    0x0800978a   0x0800978a   0x00000002   PAD
    0x0800978c   0x0800978c   0x0000036e   Code   RO         1436    i.USB_EPStartXfer   stm32g4xx_ll_usb.o
    0x08009afa   0x08009afa   0x00000012   Code   RO         1438    i.USB_EnableGlobalInt  stm32g4xx_ll_usb.o
    0x08009b0c   0x08009b0c   0x0000000c   Code   RO          594    i.USB_LP_IRQHandler  stm32g4xx_it.o
    0x08009b18   0x08009b18   0x00000006   Code   RO         1441    i.USB_ReadInterrupts  stm32g4xx_ll_usb.o
    0x08009b1e   0x08009b1e   0x00000028   Code   RO         1442    i.USB_ReadPMA       stm32g4xx_ll_usb.o
    0x08009b46   0x08009b46   0x0000000c   Code   RO         1444    i.USB_SetDevAddress  stm32g4xx_ll_usb.o
    0x08009b52   0x08009b52   0x00000002   PAD
    0x08009b54   0x08009b54   0x00000026   Code   RO         1446    i.USB_WritePMA      stm32g4xx_ll_usb.o
    0x08009b7a   0x08009b7a   0x00000002   PAD
    0x08009b7c   0x08009b7c   0x00000068   Code   RO         6730    i.UVW_Axis_DQ       foc.o
    0x08009be4   0x08009be4   0x00000002   Code   RO          595    i.UsageFault_Handler  stm32g4xx_it.o
    0x08009be6   0x08009be6   0x00000002   PAD
    0x08009be8   0x08009be8   0x0000016c   Code   RO         6789    i.VF_Control_Run    vf.o
    0x08009d54   0x08009d54   0x000000e0   Code   RO         6937    i.VF_to_Sensorless_Sync  motorcontrol.o
    0x08009e34   0x08009e34   0x00000098   Code   RO         6824    i.ZeroCurrOffset_Calibration  adc_sample.o
    0x08009ecc   0x08009ecc   0x00000026   Code   RO         7191    i.__ARM_fpclassifyf  m_wm.l(fpclassifyf.o)
    0x08009ef2   0x08009ef2   0x00000020   Code   RO         2969    i.__NVIC_SetPriority  stm32g4xx_hal_cortex.o
    0x08009f12   0x08009f12   0x00000002   PAD
    0x08009f14   0x08009f14   0x00000150   Code   RO         7140    i.__hardfp_cosf     m_wm.l(cosf.o)
    0x0800a064   0x0800a064   0x00000190   Code   RO         7152    i.__hardfp_sinf     m_wm.l(sinf.o)
    0x0800a1f4   0x0800a1f4   0x0000003a   Code   RO         7164    i.__hardfp_sqrtf    m_wm.l(sqrtf.o)
    0x0800a22e   0x0800a22e   0x00000006   Code   RO         7194    i.__mathlib_flt_infnan  m_wm.l(funder.o)
    0x0800a234   0x0800a234   0x00000010   Code   RO         7196    i.__mathlib_flt_invalid  m_wm.l(funder.o)
    0x0800a244   0x0800a244   0x00000010   Code   RO         7199    i.__mathlib_flt_underflow  m_wm.l(funder.o)
    0x0800a254   0x0800a254   0x00000154   Code   RO         7207    i.__mathlib_rredf2  m_wm.l(rredf.o)
    0x0800a3a8   0x0800a3a8   0x0000000e   Code   RO         7246    i.__scatterload_copy  mc_w.l(handlers.o)
    0x0800a3b6   0x0800a3b6   0x00000002   Code   RO         7247    i.__scatterload_null  mc_w.l(handlers.o)
    0x0800a3b8   0x0800a3b8   0x0000000e   Code   RO         7248    i.__scatterload_zeroinit  mc_w.l(handlers.o)
    0x0800a3c6   0x0800a3c6   0x00000002   PAD
    0x0800a3c8   0x0800a3c8   0x0000000c   Code   RO         7232    i.__set_errno       mc_w.l(errno.o)
    0x0800a3d4   0x0800a3d4   0x00000004   Code   RO         6628    i.get_key_bsptick   key_bsp.o
    0x0800a3d8   0x0800a3d8   0x00000054   Code   RO         6670    i.hold_filter       key_driver.o
    0x0800a42c   0x0800a42c   0x00000078   Code   RO         6671    i.key_array_init    key_driver.o
    0x0800a4a4   0x0800a4a4   0x00000002   Code   RO         6629    i.key_bsp_init      key_bsp.o
    0x0800a4a6   0x0800a4a6   0x00000004   Code   RO         6630    i.key_bsp_read_pin  key_bsp.o
    0x0800a4aa   0x0800a4aa   0x00000002   PAD
    0x0800a4ac   0x0800a4ac   0x0000005c   Code   RO         6672    i.key_check         key_driver.o
    0x0800a508   0x0800a508   0x0000000e   Code   RO         6673    i.key_driver_init   key_driver.o
    0x0800a516   0x0800a516   0x00000002   PAD
    0x0800a518   0x0800a518   0x000000d8   Code   RO         6674    i.key_process       key_driver.o
    0x0800a5f0   0x0800a5f0   0x0000009c   Code   RO           15    i.main              main.o
    0x0800a68c   0x0800a68c   0x00000010   Code   RO         6423    i.mypow             lcd.o
    0x0800a69c   0x0800a69c   0x00000130   Code   RO         7034    i.svpwm_Cale        svpwm.o
    0x0800a7cc   0x0800a7cc   0x00000010   Code   RO         6565    i.task_send_Rece    taskmanager.o
    0x0800a7dc   0x0800a7dc   0x00000018   Data   RO         5493    .constdata          stm32g4xx_hal_uart.o
    0x0800a7f4   0x0800a7f4   0x00000010   Data   RO         5859    .constdata          stm32g4xx_hal_uart_ex.o
    0x0800a804   0x0800a804   0x00000010   Data   RO         5964    .constdata          system_stm32g4xx.o
    0x0800a814   0x0800a814   0x00000008   Data   RO         5965    .constdata          system_stm32g4xx.o
    0x0800a81c   0x0800a81c   0x0000391c   Data   RO         6424    .constdata          lcd.o
    0x0800e138   0x0800e138   0x00000004   Data   RO         6567    .constdata          taskmanager.o
    0x0800e13c   0x0800e13c   0x00001004   Data   RO         6864    .constdata          common_math.o
    0x0800f140   0x0800f140   0x00000020   Data   RO         7208    .constdata          m_wm.l(rredf.o)
    0x0800f160   0x0800f160   0x00000020   Data   RO         7244    Region$$Table       anon$$obj.o


    Execution Region RW_IRAM1 (Exec base: 0x20000000, Load base: 0x0800f180, Size: 0x00002750, Max: 0x00020000, ABSOLUTE, COMPRESSED[0x000000d0])

    Exec Addr    Load Addr    Size         Type   Attr      Idx    E Section Name        Object

    0x20000000   COMPRESSED   0x0000000c   Data   RW           16    .data               main.o
    0x2000000c   COMPRESSED   0x00000004   Data   RW          328    .data               adc.o
    0x20000010   COMPRESSED   0x00000020   Data   RW          994    .data               usbd_desc.o
    0x20000030   COMPRESSED   0x00000032   Data   RW          995    .data               usbd_desc.o
    0x20000062   COMPRESSED   0x00000002   PAD
    0x20000064   COMPRESSED   0x00000014   Data   RW         1078    .data               usbd_cdc_if.o
    0x20000078   COMPRESSED   0x0000000c   Data   RW         1613    .data               stm32g4xx_hal.o
    0x20000084   COMPRESSED   0x00000004   Data   RW         5966    .data               system_stm32g4xx.o
    0x20000088   COMPRESSED   0x00000001   Data   RW         6147    .data               usbd_ctlreq.o
    0x20000089   COMPRESSED   0x00000003   PAD
    0x2000008c   COMPRESSED   0x000000d7   Data   RW         6286    .data               usbd_cdc.o
    0x20000163   COMPRESSED   0x00000001   PAD
    0x20000164   COMPRESSED   0x00000038   Data   RW         6287    .data               usbd_cdc.o
    0x2000019c   COMPRESSED   0x00000014   Data   RW         6791    .data               vf.o
    0x200001b0   COMPRESSED   0x00000001   Data   RW         6902    .data               invprotect.o
    0x200001b1   COMPRESSED   0x00000001   Data   RW         6940    .data               motorcontrol.o
    0x200001b2   COMPRESSED   0x00000002   PAD
    0x200001b4   COMPRESSED   0x00000024   Data   RW         7093    .data               flux.o
    0x200001d8   COMPRESSED   0x00000004   Data   RW         7233    .data               mc_w.l(errno.o)
    0x200001dc        -       0x00000198   Zero   RW          327    .bss                adc.o
    0x20000374        -       0x00000064   Zero   RW          399    .bss                fdcan.o
    0x200003d8        -       0x00000064   Zero   RW          441    .bss                spi.o
    0x2000043c        -       0x00000098   Zero   RW          485    .bss                tim.o
    0x200004d4        -       0x00000154   Zero   RW          537    .bss                usart.o
    0x20000628        -       0x000004fc   Zero   RW          774    .bss                usbd_conf.o
    0x20000b24        -       0x000002d0   Zero   RW          955    .bss                usb_device.o
    0x20000df4        -       0x00000200   Zero   RW          993    .bss                usbd_desc.o
    0x20000ff4        -       0x00001000   Zero   RW         1077    .bss                usbd_cdc_if.o
    0x20001ff4        -       0x00000044   Zero   RW         6566    .bss                taskmanager.o
    0x20002038        -       0x000000f0   Zero   RW         6675    .bss                key_driver.o
    0x20002128        -       0x00000094   Zero   RW         6731    .bss                foc.o
    0x200021bc        -       0x00000038   Zero   RW         6790    .bss                vf.o
    0x200021f4        -       0x00000018   Zero   RW         6825    .bss                adc_sample.o
    0x2000220c        -       0x0000005e   Zero   RW         6938    .bss                motorcontrol.o
    0x2000226a   COMPRESSED   0x00000002   PAD
    0x2000226c        -       0x00000090   Zero   RW         7000    .bss                pi_cale.o
    0x200022fc        -       0x00000050   Zero   RW         7092    .bss                flux.o
    0x2000234c   COMPRESSED   0x00000004   PAD
    0x20002350        -       0x00000400   Zero   RW            1    STACK               startup_stm32g474xx.o


==============================================================================

Image component sizes


      Code (inc. data)   RO Data    RW Data    ZI Data      Debug   Object Name

       980         82          0          4        408       3114   adc.o
       408         38          0          0         24       2770   adc_sample.o
       248          4       4100          0          0       2187   common_math.o
       108          4          0          0          0        818   dma.o
       136         10          0          0          0       1047   drvpwmout.o
       236         22          0          0        100       1719   fdcan.o
      1084        128          0         36         80       4158   flux.o
       656         88          0          0        148       5649   foc.o
       268         16          0          0          0       1027   gpio.o
        60         20          0          1          0       1154   invprotect.o
        10          0          0          0          0       1720   key_bsp.o
       526         22          0          0        240       4423   key_driver.o
      2224        138      14620          0          0      10584   lcd.o
       268         18          0         12          0     969818   main.o
       744        112          0          1         94       6723   motorcontrol.o
       202         16          0          0        144       1872   pi_cale.o
       180         20          0          0        100       1625   spi.o
        36          8        472          0       1024        828   startup_stm32g474xx.o
       162         24          0         12          0       4177   stm32g4xx_hal.o
      3230        206          0          0          0      82487   stm32g4xx_hal_adc.o
      2582        156          0          0          0      78910   stm32g4xx_hal_adc_ex.o
       198         14          0          0          0      33419   stm32g4xx_hal_cortex.o
       928         30          0          0          0       5958   stm32g4xx_hal_dma.o
       914         24          0          0          0      11137   stm32g4xx_hal_fdcan.o
       600         32          0          0          0       3204   stm32g4xx_hal_gpio.o
        48          6          0          0          0        850   stm32g4xx_hal_msp.o
      3058          0          0          0          0      12985   stm32g4xx_hal_pcd.o
        96          0          0          0          0       1808   stm32g4xx_hal_pcd_ex.o
       204         18          0          0          0       1361   stm32g4xx_hal_pwr_ex.o
      1684         88          0          0          0       5996   stm32g4xx_hal_rcc.o
       768         10          0          0          0       1884   stm32g4xx_hal_rcc_ex.o
      1116         10          0          0          0       4682   stm32g4xx_hal_spi.o
      3152        362          0          0          0      18633   stm32g4xx_hal_tim.o
       704         88          0          0          0       8061   stm32g4xx_hal_tim_ex.o
      2186         90         24          0          0      28396   stm32g4xx_hal_uart.o
       288          6         16          0          0       5070   stm32g4xx_hal_uart_ex.o
       176         68          0          0          0       9299   stm32g4xx_it.o
      2346          0          0          0          0      12664   stm32g4xx_ll_usb.o
       304         16          0          0          0        665   svpwm.o
        16          4         24          4          0       1103   system_stm32g4xx.o
      1366        248          4          0         68       5436   taskmanager.o
       620         42          0          0        152       3201   tim.o
       348         32          0          0        340       1888   usart.o
        84         18          0          0        720        788   usb_device.o
       802         16          0        271          0      12601   usbd_cdc.o
       116         22          0         20       4096       3776   usbd_cdc_if.o
       684         36          0          0       1276      14115   usbd_conf.o
       652          0          0          0          0       9007   usbd_core.o
      1264         22          0          1          0      12932   usbd_ctlreq.o
       288        104          0         82        512       5778   usbd_desc.o
       132          0          0          0          0       4136   usbd_ioreq.o
       364         40          0         20         56       1894   vf.o

    ----------------------------------------------------------------------
     39918       2578      19292        472       9588    1429537   Object Totals
         0          0         32          0          0          0   (incl. Generated)
        64          0          0          8          6          0   (incl. Padding)

    ----------------------------------------------------------------------

      Code (inc. data)   RO Data    RW Data    ZI Data      Debug   Library Member Name

       336         56          0          0          0        136   cosf.o
        38          0          0          0          0        116   fpclassifyf.o
        38         12          0          0          0        348   funder.o
       340         24         32          0          0        160   rredf.o
       400         56          0          0          0        212   sinf.o
        58          0          0          0          0        136   sqrtf.o
        86          0          0          0          0          0   __dczerorl2.o
         0          0          0          0          0          0   entry.o
         0          0          0          0          0          0   entry10a.o
         0          0          0          0          0          0   entry11a.o
         8          4          0          0          0          0   entry2.o
         4          0          0          0          0          0   entry5.o
         0          0          0          0          0          0   entry7b.o
         0          0          0          0          0          0   entry8b.o
         8          4          0          0          0          0   entry9a.o
        12          6          0          4          0         68   errno.o
        30          0          0          0          0          0   handlers.o
        36          8          0          0          0         68   init.o
         0          0          0          0          0          0   iusefp.o
        30          0          0          0          0         68   llshl.o
        36          0          0          0          0         68   llsshr.o
        32          0          0          0          0         68   llushr.o
        36          0          0          0          0        108   memseta.o
        98          0          0          0          0         92   uldiv.o
        56          0          0          0          0         88   d2f.o
       334          0          0          0          0        148   dadd.o
       186          0          0          0          0        176   depilogue.o
       228          0          0          0          0         96   dmul.o
        38          0          0          0          0         68   f2d.o
       110          0          0          0          0        168   fepilogue.o

    ----------------------------------------------------------------------
      2582        170         32          4          0       2392   Library Totals
         4          0          0          0          0          0   (incl. Padding)

    ----------------------------------------------------------------------

      Code (inc. data)   RO Data    RW Data    ZI Data      Debug   Library Name

      1210        148         32          0          0       1108   m_wm.l
       416         22          0          4          0        540   mc_w.l
       952          0          0          0          0        744   mf_w.l

    ----------------------------------------------------------------------
      2582        170         32          4          0       2392   Library Totals

    ----------------------------------------------------------------------

==============================================================================


      Code (inc. data)   RO Data    RW Data    ZI Data      Debug   

     42500       2748      19324        476       9588    1397693   Grand Totals
     42500       2748      19324        208       9588    1397693   ELF Image Totals (compressed)
     42500       2748      19324        208          0          0   ROM Totals

==============================================================================

    Total RO  Size (Code + RO Data)                61824 (  60.38kB)
    Total RW  Size (RW Data + ZI Data)             10064 (   9.83kB)
    Total ROM Size (Code + RO Data + RW Data)      62032 (  60.58kB)

==============================================================================

